GAS LISTING C:\Users\AMIN\AppData\Local\Temp\ccOq2wTR.s 			page 1


   1              		.file	"init.c"
   2              		.option nopic
   3              		.attribute arch, "rv32i2p0_m2p0_a2p0_c2p0"
   4              		.attribute unaligned_access, 0
   5              		.attribute stack_align, 16
   6              		.text
   7              	.Ltext0:
   8              		.cfi_sections	.debug_frame
   9              		.section	.text._init,"ax",@progbits
  10              		.align	1
  11              		.globl	_init
  13              	_init:
  14              	.LFB5:
  15              		.file 1 "./../../firmware/RISCV/env_Eclipse/init.c"
   1:./../../firmware/RISCV/env_Eclipse/init.c **** //See LICENSE for license details.
   2:./../../firmware/RISCV/env_Eclipse/init.c **** #include <gd32vf103.h>
   3:./../../firmware/RISCV/env_Eclipse/init.c **** #include <stdint.h>
   4:./../../firmware/RISCV/env_Eclipse/init.c **** #include <stdio.h>
   5:./../../firmware/RISCV/env_Eclipse/init.c **** #include <unistd.h>
   6:./../../firmware/RISCV/env_Eclipse/init.c **** #include "riscv_encoding.h"
   7:./../../firmware/RISCV/env_Eclipse/init.c **** #include "n200_func.h"
   8:./../../firmware/RISCV/env_Eclipse/init.c **** 
   9:./../../firmware/RISCV/env_Eclipse/init.c **** #ifdef USE_SOFTWARE_DEBUGGER
  10:./../../firmware/RISCV/env_Eclipse/init.c **** #include "debugger.h"
  11:./../../firmware/RISCV/env_Eclipse/init.c **** #endif
  12:./../../firmware/RISCV/env_Eclipse/init.c **** 
  13:./../../firmware/RISCV/env_Eclipse/init.c **** extern uint32_t disable_mcycle_minstret();
  14:./../../firmware/RISCV/env_Eclipse/init.c **** void _init()
  15:./../../firmware/RISCV/env_Eclipse/init.c **** {
  16              		.loc 1 15 1
  17              		.cfi_startproc
  16:./../../firmware/RISCV/env_Eclipse/init.c **** 	SystemInit();
  18              		.loc 1 16 2
  15:./../../firmware/RISCV/env_Eclipse/init.c **** 	SystemInit();
  19              		.loc 1 15 1 is_stmt 0
  20 0000 4111     		addi	sp,sp,-16
  21              	.LCFI0:
  22              		.cfi_def_cfa_offset 16
  23 0002 06C6     		sw	ra,12(sp)
  24              		.cfi_offset 1, -4
  25              		.loc 1 16 2
  26 0004 97000000 		call	SystemInit
  26      E7800000 
  27              	.LVL0:
  17:./../../firmware/RISCV/env_Eclipse/init.c **** 
  18:./../../firmware/RISCV/env_Eclipse/init.c **** 	//ECLIC init
  19:./../../firmware/RISCV/env_Eclipse/init.c **** 	eclic_init(ECLIC_NUM_INTERRUPTS);
  28              		.loc 1 19 2 is_stmt 1
  29 000c 13057005 		li	a0,87
  30 0010 97000000 		call	eclic_init
  30      E7800000 
  31              	.LVL1:
  20:./../../firmware/RISCV/env_Eclipse/init.c **** 	eclic_mode_enable();
  32              		.loc 1 20 2
  33 0018 97000000 		call	eclic_mode_enable
  33      E7800000 
  34              	.LVL2:
GAS LISTING C:\Users\AMIN\AppData\Local\Temp\ccOq2wTR.s 			page 2


  21:./../../firmware/RISCV/env_Eclipse/init.c **** 
  22:./../../firmware/RISCV/env_Eclipse/init.c **** 	//printf("After ECLIC mode enabled, the mtvec value is %x \n\n\r", read_csr(mtvec));
  23:./../../firmware/RISCV/env_Eclipse/init.c **** 
  24:./../../firmware/RISCV/env_Eclipse/init.c **** 	// // It must be NOTED:
  25:./../../firmware/RISCV/env_Eclipse/init.c **** 	//  //    * In the RISC-V arch, if user mode and PMP supported, then by default if PMP is not conf
  26:./../../firmware/RISCV/env_Eclipse/init.c **** 	//  //      with valid entries, then user mode cannot access any memory, and cannot execute any in
  27:./../../firmware/RISCV/env_Eclipse/init.c **** 	//  //    * So if switch to user-mode and still want to continue, then you must configure PMP firs
  28:./../../firmware/RISCV/env_Eclipse/init.c **** 	//pmp_open_all_space();
  29:./../../firmware/RISCV/env_Eclipse/init.c **** 	//switch_m2u_mode();
  30:./../../firmware/RISCV/env_Eclipse/init.c **** 	
  31:./../../firmware/RISCV/env_Eclipse/init.c ****     /* Before enter into main, add the cycle/instret disable by default to save power,
  32:./../../firmware/RISCV/env_Eclipse/init.c ****     only use them when needed to measure the cycle/instret */
  33:./../../firmware/RISCV/env_Eclipse/init.c **** 	disable_mcycle_minstret();
  35              		.loc 1 33 2
  34:./../../firmware/RISCV/env_Eclipse/init.c **** #ifdef USE_SOFTWARE_DEBUGGER
  35:./../../firmware/RISCV/env_Eclipse/init.c **** 	dbg_init();
  36:./../../firmware/RISCV/env_Eclipse/init.c **** #endif
  37:./../../firmware/RISCV/env_Eclipse/init.c **** 	
  38:./../../firmware/RISCV/env_Eclipse/init.c **** 
  39:./../../firmware/RISCV/env_Eclipse/init.c **** }
  36              		.loc 1 39 1 is_stmt 0
  37 0020 B240     		lw	ra,12(sp)
  38              		.cfi_restore 1
  39 0022 4101     		addi	sp,sp,16
  40              	.LCFI1:
  41              		.cfi_def_cfa_offset 0
  33:./../../firmware/RISCV/env_Eclipse/init.c **** #ifdef USE_SOFTWARE_DEBUGGER
  42              		.loc 1 33 2
  43 0024 17030000 		tail	disable_mcycle_minstret
  43      67000300 
  44              	.LVL3:
  45              		.cfi_endproc
  46              	.LFE5:
  48              		.section	.text._fini,"ax",@progbits
  49              		.align	1
  50              		.globl	_fini
  52              	_fini:
  53              	.LFB6:
  40:./../../firmware/RISCV/env_Eclipse/init.c **** 
  41:./../../firmware/RISCV/env_Eclipse/init.c **** void _fini()
  42:./../../firmware/RISCV/env_Eclipse/init.c **** {
  54              		.loc 1 42 1 is_stmt 1
  55              		.cfi_startproc
  43:./../../firmware/RISCV/env_Eclipse/init.c **** }
  56              		.loc 1 43 1
  57 0000 8280     		ret
  58              		.cfi_endproc
  59              	.LFE6:
  61              		.text
  62              	.Letext0:
  63              		.file 2 "c:\\mikrodata\\toolchain-gd32v-v202-win\\toolchain-gd32v-v202-win\\compiler\\riscv64-unkn
  64              		.file 3 "c:\\mikrodata\\toolchain-gd32v-v202-win\\toolchain-gd32v-v202-win\\compiler\\riscv64-unkn
  65              		.file 4 "c:\\mikrodata\\toolchain-gd32v-v202-win\\toolchain-gd32v-v202-win\\compiler\\lib\\gcc\\ri
  66              		.file 5 "c:\\mikrodata\\toolchain-gd32v-v202-win\\toolchain-gd32v-v202-win\\compiler\\riscv64-unkn
  67              		.file 6 "c:\\mikrodata\\toolchain-gd32v-v202-win\\toolchain-gd32v-v202-win\\compiler\\riscv64-unkn
  68              		.file 7 "c:\\mikrodata\\toolchain-gd32v-v202-win\\toolchain-gd32v-v202-win\\compiler\\riscv64-unkn
  69              		.file 8 "./../../firmware/GD32VF103_standard_peripheral/system_gd32vf103.h"
GAS LISTING C:\Users\AMIN\AppData\Local\Temp\ccOq2wTR.s 			page 3


  70              		.file 9 "c:\\mikrodata\\toolchain-gd32v-v202-win\\toolchain-gd32v-v202-win\\compiler\\riscv64-unkn
  71              		.file 10 "./../../firmware/RISCV/drivers/n200_func.h"
  72              		.file 11 "./../../firmware/GD32VF103_standard_peripheral/gd32vf103.h"
GAS LISTING C:\Users\AMIN\AppData\Local\Temp\ccOq2wTR.s 			page 4


DEFINED SYMBOLS
                            *ABS*:0000000000000000 init.c
C:\Users\AMIN\AppData\Local\Temp\ccOq2wTR.s:13     .text._init:0000000000000000 _init
C:\Users\AMIN\AppData\Local\Temp\ccOq2wTR.s:17     .text._init:0000000000000000 .L0 
C:\Users\AMIN\AppData\Local\Temp\ccOq2wTR.s:18     .text._init:0000000000000000 .L0 
C:\Users\AMIN\AppData\Local\Temp\ccOq2wTR.s:19     .text._init:0000000000000000 .L0 
C:\Users\AMIN\AppData\Local\Temp\ccOq2wTR.s:20     .text._init:0000000000000000 .L0 
C:\Users\AMIN\AppData\Local\Temp\ccOq2wTR.s:22     .text._init:0000000000000002 .L0 
C:\Users\AMIN\AppData\Local\Temp\ccOq2wTR.s:24     .text._init:0000000000000004 .L0 
C:\Users\AMIN\AppData\Local\Temp\ccOq2wTR.s:26     .text._init:0000000000000004 .L0 
C:\Users\AMIN\AppData\Local\Temp\ccOq2wTR.s:29     .text._init:000000000000000c .L0 
C:\Users\AMIN\AppData\Local\Temp\ccOq2wTR.s:33     .text._init:0000000000000018 .L0 
C:\Users\AMIN\AppData\Local\Temp\ccOq2wTR.s:36     .text._init:0000000000000020 .L0 
C:\Users\AMIN\AppData\Local\Temp\ccOq2wTR.s:37     .text._init:0000000000000020 .L0 
C:\Users\AMIN\AppData\Local\Temp\ccOq2wTR.s:38     .text._init:0000000000000022 .L0 
C:\Users\AMIN\AppData\Local\Temp\ccOq2wTR.s:41     .text._init:0000000000000024 .L0 
C:\Users\AMIN\AppData\Local\Temp\ccOq2wTR.s:43     .text._init:0000000000000024 .L0 
C:\Users\AMIN\AppData\Local\Temp\ccOq2wTR.s:45     .text._init:000000000000002c .L0 
C:\Users\AMIN\AppData\Local\Temp\ccOq2wTR.s:52     .text._fini:0000000000000000 _fini
C:\Users\AMIN\AppData\Local\Temp\ccOq2wTR.s:55     .text._fini:0000000000000000 .L0 
C:\Users\AMIN\AppData\Local\Temp\ccOq2wTR.s:56     .text._fini:0000000000000000 .L0 
C:\Users\AMIN\AppData\Local\Temp\ccOq2wTR.s:57     .text._fini:0000000000000000 .L0 
C:\Users\AMIN\AppData\Local\Temp\ccOq2wTR.s:58     .text._fini:0000000000000002 .L0 
C:\Users\AMIN\AppData\Local\Temp\ccOq2wTR.s:48     .text._init:000000000000002c .L0 
C:\Users\AMIN\AppData\Local\Temp\ccOq2wTR.s:61     .text._fini:0000000000000002 .L0 
                     .debug_frame:0000000000000000 .L0 
C:\Users\AMIN\AppData\Local\Temp\ccOq2wTR.s:1818   .debug_abbrev:0000000000000000 .Ldebug_abbrev0
C:\Users\AMIN\AppData\Local\Temp\ccOq2wTR.s:2742   .debug_str:000000000000079e .LASF199
C:\Users\AMIN\AppData\Local\Temp\ccOq2wTR.s:2470   .debug_str:00000000000001e7 .LASF200
C:\Users\AMIN\AppData\Local\Temp\ccOq2wTR.s:2418   .debug_str:000000000000004d .LASF201
C:\Users\AMIN\AppData\Local\Temp\ccOq2wTR.s:2396   .debug_ranges:0000000000000000 .Ldebug_ranges0
C:\Users\AMIN\AppData\Local\Temp\ccOq2wTR.s:2404   .debug_line:0000000000000000 .Ldebug_line0
C:\Users\AMIN\AppData\Local\Temp\ccOq2wTR.s:2608   .debug_str:00000000000004ef .LASF202
C:\Users\AMIN\AppData\Local\Temp\ccOq2wTR.s:2526   .debug_str:000000000000034a .LASF0
C:\Users\AMIN\AppData\Local\Temp\ccOq2wTR.s:2812   .debug_str:00000000000009a4 .LASF1
C:\Users\AMIN\AppData\Local\Temp\ccOq2wTR.s:2754   .debug_str:0000000000000861 .LASF2
C:\Users\AMIN\AppData\Local\Temp\ccOq2wTR.s:2520   .debug_str:000000000000031b .LASF3
C:\Users\AMIN\AppData\Local\Temp\ccOq2wTR.s:2600   .debug_str:00000000000004c6 .LASF4
C:\Users\AMIN\AppData\Local\Temp\ccOq2wTR.s:2578   .debug_str:000000000000046e .LASF5
C:\Users\AMIN\AppData\Local\Temp\ccOq2wTR.s:2792   .debug_str:0000000000000932 .LASF6
C:\Users\AMIN\AppData\Local\Temp\ccOq2wTR.s:2744   .debug_str:0000000000000826 .LASF7
C:\Users\AMIN\AppData\Local\Temp\ccOq2wTR.s:2580   .debug_str:0000000000000479 .LASF8
C:\Users\AMIN\AppData\Local\Temp\ccOq2wTR.s:2784   .debug_str:0000000000000907 .LASF9
C:\Users\AMIN\AppData\Local\Temp\ccOq2wTR.s:2662   .debug_str:000000000000061e .LASF10
C:\Users\AMIN\AppData\Local\Temp\ccOq2wTR.s:2766   .debug_str:00000000000008ac .LASF11
C:\Users\AMIN\AppData\Local\Temp\ccOq2wTR.s:2816   .debug_str:00000000000009bb .LASF12
C:\Users\AMIN\AppData\Local\Temp\ccOq2wTR.s:2444   .debug_str:0000000000000143 .LASF13
C:\Users\AMIN\AppData\Local\Temp\ccOq2wTR.s:2624   .debug_str:0000000000000539 .LASF14
C:\Users\AMIN\AppData\Local\Temp\ccOq2wTR.s:2664   .debug_str:000000000000062b .LASF15
C:\Users\AMIN\AppData\Local\Temp\ccOq2wTR.s:2676   .debug_str:0000000000000661 .LASF16
C:\Users\AMIN\AppData\Local\Temp\ccOq2wTR.s:2440   .debug_str:0000000000000125 .LASF17
C:\Users\AMIN\AppData\Local\Temp\ccOq2wTR.s:2506   .debug_str:00000000000002c6 .LASF18
C:\Users\AMIN\AppData\Local\Temp\ccOq2wTR.s:2556   .debug_str:00000000000003e9 .LASF19
C:\Users\AMIN\AppData\Local\Temp\ccOq2wTR.s:2638   .debug_str:000000000000058e .LASF20
C:\Users\AMIN\AppData\Local\Temp\ccOq2wTR.s:2776   .debug_str:00000000000008d7 .LASF21
C:\Users\AMIN\AppData\Local\Temp\ccOq2wTR.s:2410   .debug_str:0000000000000016 .LASF22
C:\Users\AMIN\AppData\Local\Temp\ccOq2wTR.s:2448   .debug_str:000000000000015d .LASF23
GAS LISTING C:\Users\AMIN\AppData\Local\Temp\ccOq2wTR.s 			page 5


C:\Users\AMIN\AppData\Local\Temp\ccOq2wTR.s:2516   .debug_str:0000000000000303 .LASF24
C:\Users\AMIN\AppData\Local\Temp\ccOq2wTR.s:2412   .debug_str:0000000000000029 .LASF25
C:\Users\AMIN\AppData\Local\Temp\ccOq2wTR.s:2458   .debug_str:00000000000001ac .LASF26
C:\Users\AMIN\AppData\Local\Temp\ccOq2wTR.s:2510   .debug_str:00000000000002e7 .LASF27
C:\Users\AMIN\AppData\Local\Temp\ccOq2wTR.s:2500   .debug_str:000000000000029c .LASF28
C:\Users\AMIN\AppData\Local\Temp\ccOq2wTR.s:2548   .debug_str:00000000000003ba .LASF29
C:\Users\AMIN\AppData\Local\Temp\ccOq2wTR.s:2474   .debug_str:0000000000000217 .LASF30
C:\Users\AMIN\AppData\Local\Temp\ccOq2wTR.s:2786   .debug_str:0000000000000910 .LASF31
C:\Users\AMIN\AppData\Local\Temp\ccOq2wTR.s:2450   .debug_str:0000000000000169 .LASF32
C:\Users\AMIN\AppData\Local\Temp\ccOq2wTR.s:2620   .debug_str:0000000000000526 .LASF33
C:\Users\AMIN\AppData\Local\Temp\ccOq2wTR.s:2658   .debug_str:000000000000060c .LASF34
C:\Users\AMIN\AppData\Local\Temp\ccOq2wTR.s:2724   .debug_str:0000000000000743 .LASF35
C:\Users\AMIN\AppData\Local\Temp\ccOq2wTR.s:2656   .debug_str:00000000000005ff .LASF36
C:\Users\AMIN\AppData\Local\Temp\ccOq2wTR.s:2738   .debug_str:000000000000078b .LASF37
C:\Users\AMIN\AppData\Local\Temp\ccOq2wTR.s:2424   .debug_str:00000000000000b6 .LASF38
C:\Users\AMIN\AppData\Local\Temp\ccOq2wTR.s:2804   .debug_str:0000000000000974 .LASF39
C:\Users\AMIN\AppData\Local\Temp\ccOq2wTR.s:2540   .debug_str:000000000000038d .LASF40
C:\Users\AMIN\AppData\Local\Temp\ccOq2wTR.s:2586   .debug_str:0000000000000490 .LASF41
C:\Users\AMIN\AppData\Local\Temp\ccOq2wTR.s:2484   .debug_str:000000000000024b .LASF42
C:\Users\AMIN\AppData\Local\Temp\ccOq2wTR.s:2650   .debug_str:00000000000005e2 .LASF43
C:\Users\AMIN\AppData\Local\Temp\ccOq2wTR.s:2708   .debug_str:00000000000006fe .LASF44
C:\Users\AMIN\AppData\Local\Temp\ccOq2wTR.s:2768   .debug_str:00000000000008b7 .LASF45
C:\Users\AMIN\AppData\Local\Temp\ccOq2wTR.s:2732   .debug_str:000000000000076b .LASF46
C:\Users\AMIN\AppData\Local\Temp\ccOq2wTR.s:2810   .debug_str:0000000000000994 .LASF47
C:\Users\AMIN\AppData\Local\Temp\ccOq2wTR.s:2530   .debug_str:0000000000000361 .LASF48
C:\Users\AMIN\AppData\Local\Temp\ccOq2wTR.s:2488   .debug_str:0000000000000269 .LASF49
C:\Users\AMIN\AppData\Local\Temp\ccOq2wTR.s:2626   .debug_str:0000000000000544 .LASF50
C:\Users\AMIN\AppData\Local\Temp\ccOq2wTR.s:2642   .debug_str:00000000000005a8 .LASF51
C:\Users\AMIN\AppData\Local\Temp\ccOq2wTR.s:2518   .debug_str:0000000000000310 .LASF52
C:\Users\AMIN\AppData\Local\Temp\ccOq2wTR.s:2546   .debug_str:00000000000003ae .LASF53
C:\Users\AMIN\AppData\Local\Temp\ccOq2wTR.s:2592   .debug_str:00000000000004a7 .LASF54
C:\Users\AMIN\AppData\Local\Temp\ccOq2wTR.s:2798   .debug_str:0000000000000955 .LASF55
C:\Users\AMIN\AppData\Local\Temp\ccOq2wTR.s:2644   .debug_str:00000000000005b3 .LASF56
C:\Users\AMIN\AppData\Local\Temp\ccOq2wTR.s:2612   .debug_str:00000000000004fd .LASF57
C:\Users\AMIN\AppData\Local\Temp\ccOq2wTR.s:2504   .debug_str:00000000000002b3 .LASF58
C:\Users\AMIN\AppData\Local\Temp\ccOq2wTR.s:2524   .debug_str:0000000000000337 .LASF59
C:\Users\AMIN\AppData\Local\Temp\ccOq2wTR.s:2570   .debug_str:000000000000043d .LASF60
C:\Users\AMIN\AppData\Local\Temp\ccOq2wTR.s:2414   .debug_str:0000000000000037 .LASF61
C:\Users\AMIN\AppData\Local\Temp\ccOq2wTR.s:2432   .debug_str:00000000000000ec .LASF62
C:\Users\AMIN\AppData\Local\Temp\ccOq2wTR.s:2562   .debug_str:0000000000000416 .LASF63
C:\Users\AMIN\AppData\Local\Temp\ccOq2wTR.s:2576   .debug_str:0000000000000463 .LASF64
C:\Users\AMIN\AppData\Local\Temp\ccOq2wTR.s:2628   .debug_str:000000000000054e .LASF65
C:\Users\AMIN\AppData\Local\Temp\ccOq2wTR.s:2728   .debug_str:0000000000000755 .LASF66
C:\Users\AMIN\AppData\Local\Temp\ccOq2wTR.s:2464   .debug_str:00000000000001c8 .LASF67
C:\Users\AMIN\AppData\Local\Temp\ccOq2wTR.s:2748   .debug_str:0000000000000845 .LASF68
C:\Users\AMIN\AppData\Local\Temp\ccOq2wTR.s:2408   .debug_str:000000000000000c .LASF69
C:\Users\AMIN\AppData\Local\Temp\ccOq2wTR.s:2746   .debug_str:0000000000000832 .LASF70
C:\Users\AMIN\AppData\Local\Temp\ccOq2wTR.s:2492   .debug_str:000000000000027d .LASF71
C:\Users\AMIN\AppData\Local\Temp\ccOq2wTR.s:2734   .debug_str:000000000000077a .LASF75
C:\Users\AMIN\AppData\Local\Temp\ccOq2wTR.s:2560   .debug_str:0000000000000404 .LASF72
C:\Users\AMIN\AppData\Local\Temp\ccOq2wTR.s:2508   .debug_str:00000000000002d9 .LASF73
C:\Users\AMIN\AppData\Local\Temp\ccOq2wTR.s:2434   .debug_str:00000000000000fa .LASF74
C:\Users\AMIN\AppData\Local\Temp\ccOq2wTR.s:2762   .debug_str:0000000000000896 .LASF76
C:\Users\AMIN\AppData\Local\Temp\ccOq2wTR.s:2552   .debug_str:00000000000003d1 .LASF186
C:\Users\AMIN\AppData\Local\Temp\ccOq2wTR.s:2714   .debug_str:000000000000071c .LASF77
C:\Users\AMIN\AppData\Local\Temp\ccOq2wTR.s:2640   .debug_str:00000000000005a1 .LASF78
C:\Users\AMIN\AppData\Local\Temp\ccOq2wTR.s:2460   .debug_str:00000000000001ba .LASF79
GAS LISTING C:\Users\AMIN\AppData\Local\Temp\ccOq2wTR.s 			page 6


C:\Users\AMIN\AppData\Local\Temp\ccOq2wTR.s:2712   .debug_str:0000000000000714 .LASF80
C:\Users\AMIN\AppData\Local\Temp\ccOq2wTR.s:2778   .debug_str:00000000000008ea .LASF81
C:\Users\AMIN\AppData\Local\Temp\ccOq2wTR.s:2584   .debug_str:000000000000048a .LASF82
C:\Users\AMIN\AppData\Local\Temp\ccOq2wTR.s:2550   .debug_str:00000000000003ca .LASF83
C:\Users\AMIN\AppData\Local\Temp\ccOq2wTR.s:2704   .debug_str:00000000000006ee .LASF84
C:\Users\AMIN\AppData\Local\Temp\ccOq2wTR.s:2706   .debug_str:00000000000006f6 .LASF85
C:\Users\AMIN\AppData\Local\Temp\ccOq2wTR.s:2680   .debug_str:000000000000067b .LASF86
C:\Users\AMIN\AppData\Local\Temp\ccOq2wTR.s:2756   .debug_str:000000000000086e .LASF87
C:\Users\AMIN\AppData\Local\Temp\ccOq2wTR.s:2648   .debug_str:00000000000005d0 .LASF88
C:\Users\AMIN\AppData\Local\Temp\ccOq2wTR.s:2668   .debug_str:000000000000063f .LASF89
C:\Users\AMIN\AppData\Local\Temp\ccOq2wTR.s:2538   .debug_str:0000000000000385 .LASF94
C:\Users\AMIN\AppData\Local\Temp\ccOq2wTR.s:2736   .debug_str:0000000000000785 .LASF90
C:\Users\AMIN\AppData\Local\Temp\ccOq2wTR.s:2698   .debug_str:00000000000006d9 .LASF91
C:\Users\AMIN\AppData\Local\Temp\ccOq2wTR.s:2532   .debug_str:000000000000036b .LASF92
C:\Users\AMIN\AppData\Local\Temp\ccOq2wTR.s:2772   .debug_str:00000000000008cc .LASF93
C:\Users\AMIN\AppData\Local\Temp\ccOq2wTR.s:2514   .debug_str:00000000000002fe .LASF95
C:\Users\AMIN\AppData\Local\Temp\ccOq2wTR.s:2456   .debug_str:00000000000001a3 .LASF96
C:\Users\AMIN\AppData\Local\Temp\ccOq2wTR.s:2750   .debug_str:0000000000000853 .LASF97
C:\Users\AMIN\AppData\Local\Temp\ccOq2wTR.s:2476   .debug_str:0000000000000226 .LASF98
C:\Users\AMIN\AppData\Local\Temp\ccOq2wTR.s:2814   .debug_str:00000000000009b1 .LASF99
C:\Users\AMIN\AppData\Local\Temp\ccOq2wTR.s:2630   .debug_str:0000000000000563 .LASF100
C:\Users\AMIN\AppData\Local\Temp\ccOq2wTR.s:2606   .debug_str:00000000000004e5 .LASF101
C:\Users\AMIN\AppData\Local\Temp\ccOq2wTR.s:2710   .debug_str:000000000000070a .LASF102
C:\Users\AMIN\AppData\Local\Temp\ccOq2wTR.s:2670   .debug_str:0000000000000648 .LASF103
C:\Users\AMIN\AppData\Local\Temp\ccOq2wTR.s:2794   .debug_str:000000000000093b .LASF104
C:\Users\AMIN\AppData\Local\Temp\ccOq2wTR.s:2480   .debug_str:0000000000000235 .LASF105
C:\Users\AMIN\AppData\Local\Temp\ccOq2wTR.s:2416   .debug_str:0000000000000045 .LASF106
C:\Users\AMIN\AppData\Local\Temp\ccOq2wTR.s:2406   .debug_str:0000000000000000 .LASF107
C:\Users\AMIN\AppData\Local\Temp\ccOq2wTR.s:2730   .debug_str:0000000000000762 .LASF108
C:\Users\AMIN\AppData\Local\Temp\ccOq2wTR.s:2496   .debug_str:000000000000028d .LASF109
C:\Users\AMIN\AppData\Local\Temp\ccOq2wTR.s:2632   .debug_str:000000000000056c .LASF110
C:\Users\AMIN\AppData\Local\Temp\ccOq2wTR.s:2690   .debug_str:00000000000006a9 .LASF111
C:\Users\AMIN\AppData\Local\Temp\ccOq2wTR.s:2528   .debug_str:000000000000035c .LASF112
C:\Users\AMIN\AppData\Local\Temp\ccOq2wTR.s:2672   .debug_str:0000000000000652 .LASF113
C:\Users\AMIN\AppData\Local\Temp\ccOq2wTR.s:2472   .debug_str:0000000000000211 .LASF114
C:\Users\AMIN\AppData\Local\Temp\ccOq2wTR.s:2726   .debug_str:000000000000074f .LASF115
C:\Users\AMIN\AppData\Local\Temp\ccOq2wTR.s:2682   .debug_str:0000000000000686 .LASF116
C:\Users\AMIN\AppData\Local\Temp\ccOq2wTR.s:2494   .debug_str:0000000000000286 .LASF117
C:\Users\AMIN\AppData\Local\Temp\ccOq2wTR.s:2770   .debug_str:00000000000008c6 .LASF118
C:\Users\AMIN\AppData\Local\Temp\ccOq2wTR.s:2436   .debug_str:0000000000000111 .LASF119
C:\Users\AMIN\AppData\Local\Temp\ccOq2wTR.s:2482   .debug_str:0000000000000243 .LASF120
C:\Users\AMIN\AppData\Local\Temp\ccOq2wTR.s:2544   .debug_str:00000000000003a8 .LASF121
C:\Users\AMIN\AppData\Local\Temp\ccOq2wTR.s:2604   .debug_str:00000000000004de .LASF122
C:\Users\AMIN\AppData\Local\Temp\ccOq2wTR.s:2740   .debug_str:0000000000000798 .LASF123
C:\Users\AMIN\AppData\Local\Temp\ccOq2wTR.s:2462   .debug_str:00000000000001c1 .LASF124
C:\Users\AMIN\AppData\Local\Temp\ccOq2wTR.s:2468   .debug_str:00000000000001e1 .LASF125
C:\Users\AMIN\AppData\Local\Temp\ccOq2wTR.s:2788   .debug_str:0000000000000924 .LASF126
C:\Users\AMIN\AppData\Local\Temp\ccOq2wTR.s:2722   .debug_str:000000000000073a .LASF127
C:\Users\AMIN\AppData\Local\Temp\ccOq2wTR.s:2616   .debug_str:0000000000000517 .LASF128
C:\Users\AMIN\AppData\Local\Temp\ccOq2wTR.s:2564   .debug_str:0000000000000425 .LASF129
C:\Users\AMIN\AppData\Local\Temp\ccOq2wTR.s:2594   .debug_str:00000000000004b3 .LASF130
C:\Users\AMIN\AppData\Local\Temp\ccOq2wTR.s:2684   .debug_str:000000000000068e .LASF131
C:\Users\AMIN\AppData\Local\Temp\ccOq2wTR.s:2674   .debug_str:0000000000000659 .LASF132
C:\Users\AMIN\AppData\Local\Temp\ccOq2wTR.s:2700   .debug_str:00000000000006e1 .LASF133
C:\Users\AMIN\AppData\Local\Temp\ccOq2wTR.s:2718   .debug_str:000000000000072e .LASF134
C:\Users\AMIN\AppData\Local\Temp\ccOq2wTR.s:2498   .debug_str:0000000000000295 .LASF135
C:\Users\AMIN\AppData\Local\Temp\ccOq2wTR.s:2554   .debug_str:00000000000003e1 .LASF136
GAS LISTING C:\Users\AMIN\AppData\Local\Temp\ccOq2wTR.s 			page 7


C:\Users\AMIN\AppData\Local\Temp\ccOq2wTR.s:2536   .debug_str:000000000000037d .LASF137
C:\Users\AMIN\AppData\Local\Temp\ccOq2wTR.s:2688   .debug_str:00000000000006a4 .LASF138
C:\Users\AMIN\AppData\Local\Temp\ccOq2wTR.s:2422   .debug_str:00000000000000ab .LASF139
C:\Users\AMIN\AppData\Local\Temp\ccOq2wTR.s:2696   .debug_str:00000000000006c0 .LASF140
C:\Users\AMIN\AppData\Local\Temp\ccOq2wTR.s:2692   .debug_str:00000000000006ae .LASF141
C:\Users\AMIN\AppData\Local\Temp\ccOq2wTR.s:2634   .debug_str:0000000000000574 .LASF142
C:\Users\AMIN\AppData\Local\Temp\ccOq2wTR.s:2694   .debug_str:00000000000006b6 .LASF143
C:\Users\AMIN\AppData\Local\Temp\ccOq2wTR.s:2582   .debug_str:0000000000000482 .LASF144
C:\Users\AMIN\AppData\Local\Temp\ccOq2wTR.s:2502   .debug_str:00000000000002a9 .LASF145
C:\Users\AMIN\AppData\Local\Temp\ccOq2wTR.s:2808   .debug_str:000000000000098f .LASF146
C:\Users\AMIN\AppData\Local\Temp\ccOq2wTR.s:2646   .debug_str:00000000000005c6 .LASF147
C:\Users\AMIN\AppData\Local\Temp\ccOq2wTR.s:2558   .debug_str:00000000000003fc .LASF148
C:\Users\AMIN\AppData\Local\Temp\ccOq2wTR.s:2512   .debug_str:00000000000002f6 .LASF149
C:\Users\AMIN\AppData\Local\Temp\ccOq2wTR.s:2590   .debug_str:00000000000004a2 .LASF150
C:\Users\AMIN\AppData\Local\Temp\ccOq2wTR.s:2426   .debug_str:00000000000000c3 .LASF151
C:\Users\AMIN\AppData\Local\Temp\ccOq2wTR.s:2782   .debug_str:00000000000008fd .LASF152
C:\Users\AMIN\AppData\Local\Temp\ccOq2wTR.s:2490   .debug_str:0000000000000275 .LASF153
C:\Users\AMIN\AppData\Local\Temp\ccOq2wTR.s:2478   .debug_str:0000000000000230 .LASF154
C:\Users\AMIN\AppData\Local\Temp\ccOq2wTR.s:2720   .debug_str:0000000000000735 .LASF155
C:\Users\AMIN\AppData\Local\Temp\ccOq2wTR.s:2678   .debug_str:0000000000000674 .LASF156
C:\Users\AMIN\AppData\Local\Temp\ccOq2wTR.s:2774   .debug_str:00000000000008d1 .LASF157
C:\Users\AMIN\AppData\Local\Temp\ccOq2wTR.s:2566   .debug_str:000000000000042b .LASF158
C:\Users\AMIN\AppData\Local\Temp\ccOq2wTR.s:2660   .debug_str:0000000000000618 .LASF159
C:\Users\AMIN\AppData\Local\Temp\ccOq2wTR.s:2420   .debug_str:00000000000000a3 .LASF160
C:\Users\AMIN\AppData\Local\Temp\ccOq2wTR.s:2702   .debug_str:00000000000006e8 .LASF161
C:\Users\AMIN\AppData\Local\Temp\ccOq2wTR.s:2596   .debug_str:00000000000004b9 .LASF162
C:\Users\AMIN\AppData\Local\Temp\ccOq2wTR.s:2752   .debug_str:000000000000085c .LASF163
C:\Users\AMIN\AppData\Local\Temp\ccOq2wTR.s:2764   .debug_str:000000000000089f .LASF164
C:\Users\AMIN\AppData\Local\Temp\ccOq2wTR.s:2466   .debug_str:00000000000001d4 .LASF165
C:\Users\AMIN\AppData\Local\Temp\ccOq2wTR.s:2574   .debug_str:0000000000000456 .LASF166
C:\Users\AMIN\AppData\Local\Temp\ccOq2wTR.s:2796   .debug_str:0000000000000946 .LASF167
C:\Users\AMIN\AppData\Local\Temp\ccOq2wTR.s:2636   .debug_str:000000000000057f .LASF168
C:\Users\AMIN\AppData\Local\Temp\ccOq2wTR.s:2568   .debug_str:0000000000000432 .LASF169
C:\Users\AMIN\AppData\Local\Temp\ccOq2wTR.s:2800   .debug_str:0000000000000968 .LASF170
C:\Users\AMIN\AppData\Local\Temp\ccOq2wTR.s:2686   .debug_str:0000000000000697 .LASF171
C:\Users\AMIN\AppData\Local\Temp\ccOq2wTR.s:2806   .debug_str:0000000000000981 .LASF172
C:\Users\AMIN\AppData\Local\Temp\ccOq2wTR.s:2454   .debug_str:0000000000000195 .LASF173
C:\Users\AMIN\AppData\Local\Temp\ccOq2wTR.s:2780   .debug_str:00000000000008f3 .LASF174
C:\Users\AMIN\AppData\Local\Temp\ccOq2wTR.s:2572   .debug_str:000000000000044a .LASF175
C:\Users\AMIN\AppData\Local\Temp\ccOq2wTR.s:2758   .debug_str:0000000000000876 .LASF176
C:\Users\AMIN\AppData\Local\Temp\ccOq2wTR.s:2522   .debug_str:0000000000000329 .LASF177
C:\Users\AMIN\AppData\Local\Temp\ccOq2wTR.s:2446   .debug_str:000000000000014e .LASF178
C:\Users\AMIN\AppData\Local\Temp\ccOq2wTR.s:2542   .debug_str:0000000000000397 .LASF179
C:\Users\AMIN\AppData\Local\Temp\ccOq2wTR.s:2428   .debug_str:00000000000000cc .LASF180
C:\Users\AMIN\AppData\Local\Temp\ccOq2wTR.s:2430   .debug_str:00000000000000db .LASF181
C:\Users\AMIN\AppData\Local\Temp\ccOq2wTR.s:2666   .debug_str:0000000000000636 .LASF182
C:\Users\AMIN\AppData\Local\Temp\ccOq2wTR.s:2622   .debug_str:0000000000000532 .LASF183
C:\Users\AMIN\AppData\Local\Temp\ccOq2wTR.s:2610   .debug_str:00000000000004f4 .LASF184
C:\Users\AMIN\AppData\Local\Temp\ccOq2wTR.s:2790   .debug_str:000000000000092a .LASF185
C:\Users\AMIN\AppData\Local\Temp\ccOq2wTR.s:2442   .debug_str:0000000000000138 .LASF203
C:\Users\AMIN\AppData\Local\Temp\ccOq2wTR.s:2534   .debug_str:0000000000000371 .LASF187
C:\Users\AMIN\AppData\Local\Temp\ccOq2wTR.s:2760   .debug_str:0000000000000883 .LASF188
C:\Users\AMIN\AppData\Local\Temp\ccOq2wTR.s:2588   .debug_str:000000000000049a .LASF189
C:\Users\AMIN\AppData\Local\Temp\ccOq2wTR.s:2614   .debug_str:0000000000000510 .LASF190
C:\Users\AMIN\AppData\Local\Temp\ccOq2wTR.s:2618   .debug_str:000000000000051f .LASF191
C:\Users\AMIN\AppData\Local\Temp\ccOq2wTR.s:2598   .debug_str:00000000000004bf .LASF192
C:\Users\AMIN\AppData\Local\Temp\ccOq2wTR.s:2802   .debug_str:000000000000096d .LASF193
GAS LISTING C:\Users\AMIN\AppData\Local\Temp\ccOq2wTR.s 			page 8


C:\Users\AMIN\AppData\Local\Temp\ccOq2wTR.s:2602   .debug_str:00000000000004d5 .LASF194
C:\Users\AMIN\AppData\Local\Temp\ccOq2wTR.s:2652   .debug_str:00000000000005ee .LASF204
C:\Users\AMIN\AppData\Local\Temp\ccOq2wTR.s:53     .text._fini:0000000000000000 .LFB6
C:\Users\AMIN\AppData\Local\Temp\ccOq2wTR.s:59     .text._fini:0000000000000002 .LFE6
C:\Users\AMIN\AppData\Local\Temp\ccOq2wTR.s:2716   .debug_str:0000000000000728 .LASF205
C:\Users\AMIN\AppData\Local\Temp\ccOq2wTR.s:14     .text._init:0000000000000000 .LFB5
C:\Users\AMIN\AppData\Local\Temp\ccOq2wTR.s:46     .text._init:000000000000002c .LFE5
C:\Users\AMIN\AppData\Local\Temp\ccOq2wTR.s:2363   .debug_loc:0000000000000000 .LLST0
C:\Users\AMIN\AppData\Local\Temp\ccOq2wTR.s:27     .text._init:000000000000000c .LVL0
C:\Users\AMIN\AppData\Local\Temp\ccOq2wTR.s:31     .text._init:0000000000000018 .LVL1
C:\Users\AMIN\AppData\Local\Temp\ccOq2wTR.s:34     .text._init:0000000000000020 .LVL2
C:\Users\AMIN\AppData\Local\Temp\ccOq2wTR.s:44     .text._init:000000000000002c .LVL3
C:\Users\AMIN\AppData\Local\Temp\ccOq2wTR.s:2654   .debug_str:00000000000005f4 .LASF195
C:\Users\AMIN\AppData\Local\Temp\ccOq2wTR.s:2438   .debug_str:000000000000011a .LASF196
C:\Users\AMIN\AppData\Local\Temp\ccOq2wTR.s:2486   .debug_str:0000000000000257 .LASF197
C:\Users\AMIN\AppData\Local\Temp\ccOq2wTR.s:2452   .debug_str:000000000000017d .LASF198
C:\Users\AMIN\AppData\Local\Temp\ccOq2wTR.s:21     .text._init:0000000000000002 .LCFI0
C:\Users\AMIN\AppData\Local\Temp\ccOq2wTR.s:40     .text._init:0000000000000024 .LCFI1
C:\Users\AMIN\AppData\Local\Temp\ccOq2wTR.s:74     .debug_info:0000000000000000 .Ldebug_info0

UNDEFINED SYMBOLS
SystemInit
eclic_init
eclic_mode_enable
disable_mcycle_minstret
