GAS LISTING C:\Users\AMIN\AppData\Local\Temp\ccNO8lvS.s 			page 1


   1              		.file	"lseek.c"
   2              		.option nopic
   3              		.attribute arch, "rv32i2p0_m2p0_a2p0_c2p0"
   4              		.attribute unaligned_access, 0
   5              		.attribute stack_align, 16
   6              		.text
   7              	.Ltext0:
   8              		.cfi_sections	.debug_frame
   9              		.section	.text._lseek,"ax",@progbits
  10              		.align	1
  11              		.globl	_lseek
  13              	_lseek:
  14              	.LFB1:
  15              		.file 1 "./../../firmware/RISCV/stubs/lseek.c"
   1:./../../firmware/RISCV/stubs/lseek.c **** /* See LICENSE of license details. */
   2:./../../firmware/RISCV/stubs/lseek.c **** 
   3:./../../firmware/RISCV/stubs/lseek.c **** #include <errno.h>
   4:./../../firmware/RISCV/stubs/lseek.c **** #include <unistd.h>
   5:./../../firmware/RISCV/stubs/lseek.c **** #include <sys/types.h>
   6:./../../firmware/RISCV/stubs/lseek.c **** #include "stub.h"
   7:./../../firmware/RISCV/stubs/lseek.c **** 
   8:./../../firmware/RISCV/stubs/lseek.c **** off_t _lseek(int fd, off_t ptr, int dir)
   9:./../../firmware/RISCV/stubs/lseek.c **** {
  16              		.loc 1 9 1
  17              		.cfi_startproc
  18              	.LVL0:
  10:./../../firmware/RISCV/stubs/lseek.c ****   if (isatty(fd))
  19              		.loc 1 10 3
   9:./../../firmware/RISCV/stubs/lseek.c ****   if (isatty(fd))
  20              		.loc 1 9 1 is_stmt 0
  21 0000 4111     		addi	sp,sp,-16
  22              	.LCFI0:
  23              		.cfi_def_cfa_offset 16
  24 0002 06C6     		sw	ra,12(sp)
  25              		.cfi_offset 1, -4
  26              		.loc 1 10 7
  27 0004 97000000 		call	isatty
  27      E7800000 
  28              	.LVL1:
  11:./../../firmware/RISCV/stubs/lseek.c ****     return 0;
  12:./../../firmware/RISCV/stubs/lseek.c **** 
  13:./../../firmware/RISCV/stubs/lseek.c ****   return _stub(EBADF);
  14:./../../firmware/RISCV/stubs/lseek.c **** }
  29              		.loc 1 14 1
  30 000c B240     		lw	ra,12(sp)
  31              		.cfi_restore 1
  10:./../../firmware/RISCV/stubs/lseek.c ****     return 0;
  32              		.loc 1 10 6
  33 000e 13351500 		seqz	a0,a0
  34              		.loc 1 14 1
  35 0012 3305A040 		neg	a0,a0
  36 0016 4101     		addi	sp,sp,16
  37              	.LCFI1:
  38              		.cfi_def_cfa_offset 0
  39 0018 8280     		jr	ra
  40              		.cfi_endproc
  41              	.LFE1:
GAS LISTING C:\Users\AMIN\AppData\Local\Temp\ccNO8lvS.s 			page 2


  43              		.text
  44              	.Letext0:
  45              		.file 2 "c:\\mikrodata\\toolchain-gd32v-v202-win\\toolchain-gd32v-v202-win\\compiler\\lib\\gcc\\ri
  46              		.file 3 "c:\\mikrodata\\toolchain-gd32v-v202-win\\toolchain-gd32v-v202-win\\compiler\\riscv64-unkn
  47              		.file 4 "c:\\mikrodata\\toolchain-gd32v-v202-win\\toolchain-gd32v-v202-win\\compiler\\riscv64-unkn
  48              		.file 5 "c:\\mikrodata\\toolchain-gd32v-v202-win\\toolchain-gd32v-v202-win\\compiler\\riscv64-unkn
  49              		.file 6 "c:\\mikrodata\\toolchain-gd32v-v202-win\\toolchain-gd32v-v202-win\\compiler\\riscv64-unkn
  50              		.file 7 "c:\\mikrodata\\toolchain-gd32v-v202-win\\toolchain-gd32v-v202-win\\compiler\\riscv64-unkn
  51              		.file 8 "c:\\mikrodata\\toolchain-gd32v-v202-win\\toolchain-gd32v-v202-win\\compiler\\riscv64-unkn
  52              		.file 9 "./../../firmware/RISCV/stubs/stub.h"
GAS LISTING C:\Users\AMIN\AppData\Local\Temp\ccNO8lvS.s 			page 3


DEFINED SYMBOLS
                            *ABS*:0000000000000000 lseek.c
C:\Users\AMIN\AppData\Local\Temp\ccNO8lvS.s:13     .text._lseek:0000000000000000 _lseek
C:\Users\AMIN\AppData\Local\Temp\ccNO8lvS.s:17     .text._lseek:0000000000000000 .L0 
C:\Users\AMIN\AppData\Local\Temp\ccNO8lvS.s:19     .text._lseek:0000000000000000 .L0 
C:\Users\AMIN\AppData\Local\Temp\ccNO8lvS.s:20     .text._lseek:0000000000000000 .L0 
C:\Users\AMIN\AppData\Local\Temp\ccNO8lvS.s:21     .text._lseek:0000000000000000 .L0 
C:\Users\AMIN\AppData\Local\Temp\ccNO8lvS.s:23     .text._lseek:0000000000000002 .L0 
C:\Users\AMIN\AppData\Local\Temp\ccNO8lvS.s:25     .text._lseek:0000000000000004 .L0 
C:\Users\AMIN\AppData\Local\Temp\ccNO8lvS.s:27     .text._lseek:0000000000000004 .L0 
C:\Users\AMIN\AppData\Local\Temp\ccNO8lvS.s:30     .text._lseek:000000000000000c .L0 
C:\Users\AMIN\AppData\Local\Temp\ccNO8lvS.s:31     .text._lseek:000000000000000e .L0 
C:\Users\AMIN\AppData\Local\Temp\ccNO8lvS.s:33     .text._lseek:000000000000000e .L0 
C:\Users\AMIN\AppData\Local\Temp\ccNO8lvS.s:35     .text._lseek:0000000000000012 .L0 
C:\Users\AMIN\AppData\Local\Temp\ccNO8lvS.s:38     .text._lseek:0000000000000018 .L0 
C:\Users\AMIN\AppData\Local\Temp\ccNO8lvS.s:40     .text._lseek:000000000000001a .L0 
C:\Users\AMIN\AppData\Local\Temp\ccNO8lvS.s:43     .text._lseek:000000000000001a .L0 
                     .debug_frame:0000000000000000 .L0 
C:\Users\AMIN\AppData\Local\Temp\ccNO8lvS.s:1600   .debug_abbrev:0000000000000000 .Ldebug_abbrev0
C:\Users\AMIN\AppData\Local\Temp\ccNO8lvS.s:2441   .debug_str:0000000000000491 .LASF130
C:\Users\AMIN\AppData\Local\Temp\ccNO8lvS.s:2321   .debug_str:0000000000000257 .LASF131
C:\Users\AMIN\AppData\Local\Temp\ccNO8lvS.s:2221   .debug_str:0000000000000021 .LASF132
C:\Users\AMIN\AppData\Local\Temp\ccNO8lvS.s:2205   .debug_ranges:0000000000000000 .Ldebug_ranges0
C:\Users\AMIN\AppData\Local\Temp\ccNO8lvS.s:2211   .debug_line:0000000000000000 .Ldebug_line0
C:\Users\AMIN\AppData\Local\Temp\ccNO8lvS.s:2305   .debug_str:000000000000020e .LASF0
C:\Users\AMIN\AppData\Local\Temp\ccNO8lvS.s:2323   .debug_str:000000000000027c .LASF1
C:\Users\AMIN\AppData\Local\Temp\ccNO8lvS.s:2247   .debug_str:0000000000000107 .LASF2
C:\Users\AMIN\AppData\Local\Temp\ccNO8lvS.s:2353   .debug_str:0000000000000306 .LASF3
C:\Users\AMIN\AppData\Local\Temp\ccNO8lvS.s:2337   .debug_str:00000000000002c7 .LASF10
C:\Users\AMIN\AppData\Local\Temp\ccNO8lvS.s:2249   .debug_str:0000000000000115 .LASF4
C:\Users\AMIN\AppData\Local\Temp\ccNO8lvS.s:2373   .debug_str:0000000000000366 .LASF5
C:\Users\AMIN\AppData\Local\Temp\ccNO8lvS.s:2379   .debug_str:0000000000000382 .LASF6
C:\Users\AMIN\AppData\Local\Temp\ccNO8lvS.s:2265   .debug_str:000000000000015a .LASF7
C:\Users\AMIN\AppData\Local\Temp\ccNO8lvS.s:2313   .debug_str:0000000000000232 .LASF8
C:\Users\AMIN\AppData\Local\Temp\ccNO8lvS.s:2233   .debug_str:00000000000000b0 .LASF9
C:\Users\AMIN\AppData\Local\Temp\ccNO8lvS.s:2367   .debug_str:0000000000000343 .LASF11
C:\Users\AMIN\AppData\Local\Temp\ccNO8lvS.s:2215   .debug_str:000000000000000c .LASF12
C:\Users\AMIN\AppData\Local\Temp\ccNO8lvS.s:2425   .debug_str:0000000000000454 .LASF13
C:\Users\AMIN\AppData\Local\Temp\ccNO8lvS.s:2461   .debug_str:0000000000000571 .LASF14
C:\Users\AMIN\AppData\Local\Temp\ccNO8lvS.s:2333   .debug_str:00000000000002b9 .LASF15
C:\Users\AMIN\AppData\Local\Temp\ccNO8lvS.s:2307   .debug_str:000000000000021b .LASF16
C:\Users\AMIN\AppData\Local\Temp\ccNO8lvS.s:2417   .debug_str:0000000000000432 .LASF17
C:\Users\AMIN\AppData\Local\Temp\ccNO8lvS.s:2419   .debug_str:000000000000043a .LASF18
C:\Users\AMIN\AppData\Local\Temp\ccNO8lvS.s:2389   .debug_str:00000000000003aa .LASF19
C:\Users\AMIN\AppData\Local\Temp\ccNO8lvS.s:2447   .debug_str:0000000000000527 .LASF20
C:\Users\AMIN\AppData\Local\Temp\ccNO8lvS.s:2371   .debug_str:0000000000000354 .LASF21
C:\Users\AMIN\AppData\Local\Temp\ccNO8lvS.s:2291   .debug_str:00000000000001d1 .LASF22
C:\Users\AMIN\AppData\Local\Temp\ccNO8lvS.s:2295   .debug_str:00000000000001e2 .LASF27
C:\Users\AMIN\AppData\Local\Temp\ccNO8lvS.s:2437   .debug_str:000000000000047e .LASF23
C:\Users\AMIN\AppData\Local\Temp\ccNO8lvS.s:2411   .debug_str:000000000000041d .LASF24
C:\Users\AMIN\AppData\Local\Temp\ccNO8lvS.s:2289   .debug_str:00000000000001cb .LASF25
C:\Users\AMIN\AppData\Local\Temp\ccNO8lvS.s:2455   .debug_str:000000000000055c .LASF26
C:\Users\AMIN\AppData\Local\Temp\ccNO8lvS.s:2303   .debug_str:0000000000000209 .LASF28
C:\Users\AMIN\AppData\Local\Temp\ccNO8lvS.s:2245   .debug_str:00000000000000fe .LASF29
C:\Users\AMIN\AppData\Local\Temp\ccNO8lvS.s:2431   .debug_str:0000000000000468 .LASF30
C:\Users\AMIN\AppData\Local\Temp\ccNO8lvS.s:2255   .debug_str:000000000000012d .LASF31
C:\Users\AMIN\AppData\Local\Temp\ccNO8lvS.s:2485   .debug_str:00000000000005dc .LASF32
GAS LISTING C:\Users\AMIN\AppData\Local\Temp\ccNO8lvS.s 			page 4


C:\Users\AMIN\AppData\Local\Temp\ccNO8lvS.s:2359   .debug_str:0000000000000320 .LASF33
C:\Users\AMIN\AppData\Local\Temp\ccNO8lvS.s:2347   .debug_str:00000000000002ec .LASF34
C:\Users\AMIN\AppData\Local\Temp\ccNO8lvS.s:2457   .debug_str:0000000000000561 .LASF35
C:\Users\AMIN\AppData\Local\Temp\ccNO8lvS.s:2381   .debug_str:000000000000038c .LASF36
C:\Users\AMIN\AppData\Local\Temp\ccNO8lvS.s:2471   .debug_str:000000000000059c .LASF37
C:\Users\AMIN\AppData\Local\Temp\ccNO8lvS.s:2259   .debug_str:000000000000013c .LASF38
C:\Users\AMIN\AppData\Local\Temp\ccNO8lvS.s:2285   .debug_str:00000000000001be .LASF39
C:\Users\AMIN\AppData\Local\Temp\ccNO8lvS.s:2213   .debug_str:0000000000000000 .LASF40
C:\Users\AMIN\AppData\Local\Temp\ccNO8lvS.s:2443   .debug_str:0000000000000519 .LASF41
C:\Users\AMIN\AppData\Local\Temp\ccNO8lvS.s:2269   .debug_str:000000000000016a .LASF42
C:\Users\AMIN\AppData\Local\Temp\ccNO8lvS.s:2361   .debug_str:0000000000000329 .LASF43
C:\Users\AMIN\AppData\Local\Temp\ccNO8lvS.s:2403   .debug_str:00000000000003ed .LASF44
C:\Users\AMIN\AppData\Local\Temp\ccNO8lvS.s:2287   .debug_str:00000000000001c6 .LASF45
C:\Users\AMIN\AppData\Local\Temp\ccNO8lvS.s:2383   .debug_str:0000000000000396 .LASF46
C:\Users\AMIN\AppData\Local\Temp\ccNO8lvS.s:2253   .debug_str:0000000000000127 .LASF47
C:\Users\AMIN\AppData\Local\Temp\ccNO8lvS.s:2219   .debug_str:000000000000001b .LASF48
C:\Users\AMIN\AppData\Local\Temp\ccNO8lvS.s:2391   .debug_str:00000000000003b5 .LASF49
C:\Users\AMIN\AppData\Local\Temp\ccNO8lvS.s:2267   .debug_str:0000000000000163 .LASF50
C:\Users\AMIN\AppData\Local\Temp\ccNO8lvS.s:2315   .debug_str:0000000000000244 .LASF51
C:\Users\AMIN\AppData\Local\Temp\ccNO8lvS.s:2235   .debug_str:00000000000000c7 .LASF52
C:\Users\AMIN\AppData\Local\Temp\ccNO8lvS.s:2261   .debug_str:000000000000014a .LASF53
C:\Users\AMIN\AppData\Local\Temp\ccNO8lvS.s:2299   .debug_str:00000000000001f9 .LASF54
C:\Users\AMIN\AppData\Local\Temp\ccNO8lvS.s:2345   .debug_str:00000000000002e5 .LASF55
C:\Users\AMIN\AppData\Local\Temp\ccNO8lvS.s:2421   .debug_str:0000000000000442 .LASF56
C:\Users\AMIN\AppData\Local\Temp\ccNO8lvS.s:2475   .debug_str:00000000000005b6 .LASF57
C:\Users\AMIN\AppData\Local\Temp\ccNO8lvS.s:2251   .debug_str:0000000000000121 .LASF58
C:\Users\AMIN\AppData\Local\Temp\ccNO8lvS.s:2467   .debug_str:000000000000058e .LASF59
C:\Users\AMIN\AppData\Local\Temp\ccNO8lvS.s:2273   .debug_str:0000000000000179 .LASF60
C:\Users\AMIN\AppData\Local\Temp\ccNO8lvS.s:2279   .debug_str:0000000000000197 .LASF61
C:\Users\AMIN\AppData\Local\Temp\ccNO8lvS.s:2227   .debug_str:000000000000008a .LASF62
C:\Users\AMIN\AppData\Local\Temp\ccNO8lvS.s:2339   .debug_str:00000000000002ce .LASF63
C:\Users\AMIN\AppData\Local\Temp\ccNO8lvS.s:2395   .debug_str:00000000000003c7 .LASF64
C:\Users\AMIN\AppData\Local\Temp\ccNO8lvS.s:2341   .debug_str:00000000000002d4 .LASF65
C:\Users\AMIN\AppData\Local\Temp\ccNO8lvS.s:2413   .debug_str:0000000000000425 .LASF66
C:\Users\AMIN\AppData\Local\Temp\ccNO8lvS.s:2427   .debug_str:000000000000045c .LASF67
C:\Users\AMIN\AppData\Local\Temp\ccNO8lvS.s:2271   .debug_str:0000000000000172 .LASF68
C:\Users\AMIN\AppData\Local\Temp\ccNO8lvS.s:2309   .debug_str:0000000000000222 .LASF69
C:\Users\AMIN\AppData\Local\Temp\ccNO8lvS.s:2293   .debug_str:00000000000001da .LASF70
C:\Users\AMIN\AppData\Local\Temp\ccNO8lvS.s:2401   .debug_str:00000000000003e8 .LASF71
C:\Users\AMIN\AppData\Local\Temp\ccNO8lvS.s:2225   .debug_str:000000000000007f .LASF72
C:\Users\AMIN\AppData\Local\Temp\ccNO8lvS.s:2409   .debug_str:0000000000000404 .LASF73
C:\Users\AMIN\AppData\Local\Temp\ccNO8lvS.s:2405   .debug_str:00000000000003f2 .LASF74
C:\Users\AMIN\AppData\Local\Temp\ccNO8lvS.s:2365   .debug_str:0000000000000338 .LASF75
C:\Users\AMIN\AppData\Local\Temp\ccNO8lvS.s:2407   .debug_str:00000000000003fa .LASF76
C:\Users\AMIN\AppData\Local\Temp\ccNO8lvS.s:2331   .debug_str:00000000000002b1 .LASF77
C:\Users\AMIN\AppData\Local\Temp\ccNO8lvS.s:2301   .debug_str:00000000000001ff .LASF78
C:\Users\AMIN\AppData\Local\Temp\ccNO8lvS.s:2483   .debug_str:00000000000005d7 .LASF79
C:\Users\AMIN\AppData\Local\Temp\ccNO8lvS.s:2369   .debug_str:000000000000034a .LASF80
C:\Users\AMIN\AppData\Local\Temp\ccNO8lvS.s:2311   .debug_str:000000000000022a .LASF81
C:\Users\AMIN\AppData\Local\Temp\ccNO8lvS.s:2277   .debug_str:000000000000018f .LASF82
C:\Users\AMIN\AppData\Local\Temp\ccNO8lvS.s:2375   .debug_str:0000000000000374 .LASF83
C:\Users\AMIN\AppData\Local\Temp\ccNO8lvS.s:2325   .debug_str:000000000000028f .LASF84
C:\Users\AMIN\AppData\Local\Temp\ccNO8lvS.s:2465   .debug_str:0000000000000584 .LASF85
C:\Users\AMIN\AppData\Local\Temp\ccNO8lvS.s:2263   .debug_str:0000000000000152 .LASF86
C:\Users\AMIN\AppData\Local\Temp\ccNO8lvS.s:2257   .debug_str:0000000000000137 .LASF87
C:\Users\AMIN\AppData\Local\Temp\ccNO8lvS.s:2429   .debug_str:0000000000000463 .LASF88
C:\Users\AMIN\AppData\Local\Temp\ccNO8lvS.s:2387   .debug_str:00000000000003a3 .LASF89
GAS LISTING C:\Users\AMIN\AppData\Local\Temp\ccNO8lvS.s 			page 5


C:\Users\AMIN\AppData\Local\Temp\ccNO8lvS.s:2459   .debug_str:000000000000056b .LASF90
C:\Users\AMIN\AppData\Local\Temp\ccNO8lvS.s:2319   .debug_str:0000000000000250 .LASF91
C:\Users\AMIN\AppData\Local\Temp\ccNO8lvS.s:2385   .debug_str:000000000000039d .LASF92
C:\Users\AMIN\AppData\Local\Temp\ccNO8lvS.s:2223   .debug_str:0000000000000077 .LASF93
C:\Users\AMIN\AppData\Local\Temp\ccNO8lvS.s:2415   .debug_str:000000000000042c .LASF94
C:\Users\AMIN\AppData\Local\Temp\ccNO8lvS.s:2435   .debug_str:0000000000000478 .LASF95
C:\Users\AMIN\AppData\Local\Temp\ccNO8lvS.s:2445   .debug_str:0000000000000522 .LASF96
C:\Users\AMIN\AppData\Local\Temp\ccNO8lvS.s:2453   .debug_str:000000000000054f .LASF97
C:\Users\AMIN\AppData\Local\Temp\ccNO8lvS.s:2439   .debug_str:0000000000000484 .LASF98
C:\Users\AMIN\AppData\Local\Temp\ccNO8lvS.s:2329   .debug_str:00000000000002a4 .LASF99
C:\Users\AMIN\AppData\Local\Temp\ccNO8lvS.s:2473   .debug_str:00000000000005a7 .LASF100
C:\Users\AMIN\AppData\Local\Temp\ccNO8lvS.s:2297   .debug_str:00000000000001ea .LASF101
C:\Users\AMIN\AppData\Local\Temp\ccNO8lvS.s:2397   .debug_str:00000000000003d0 .LASF102
C:\Users\AMIN\AppData\Local\Temp\ccNO8lvS.s:2477   .debug_str:00000000000005bd .LASF103
C:\Users\AMIN\AppData\Local\Temp\ccNO8lvS.s:2399   .debug_str:00000000000003db .LASF104
C:\Users\AMIN\AppData\Local\Temp\ccNO8lvS.s:2481   .debug_str:00000000000005c9 .LASF105
C:\Users\AMIN\AppData\Local\Temp\ccNO8lvS.s:2243   .debug_str:00000000000000f0 .LASF106
C:\Users\AMIN\AppData\Local\Temp\ccNO8lvS.s:2463   .debug_str:000000000000057a .LASF107
C:\Users\AMIN\AppData\Local\Temp\ccNO8lvS.s:2327   .debug_str:0000000000000298 .LASF108
C:\Users\AMIN\AppData\Local\Temp\ccNO8lvS.s:2449   .debug_str:000000000000052f .LASF109
C:\Users\AMIN\AppData\Local\Temp\ccNO8lvS.s:2283   .debug_str:00000000000001b0 .LASF110
C:\Users\AMIN\AppData\Local\Temp\ccNO8lvS.s:2241   .debug_str:00000000000000e1 .LASF111
C:\Users\AMIN\AppData\Local\Temp\ccNO8lvS.s:2281   .debug_str:000000000000019f .LASF112
C:\Users\AMIN\AppData\Local\Temp\ccNO8lvS.s:2229   .debug_str:0000000000000090 .LASF113
C:\Users\AMIN\AppData\Local\Temp\ccNO8lvS.s:2231   .debug_str:000000000000009f .LASF114
C:\Users\AMIN\AppData\Local\Temp\ccNO8lvS.s:2377   .debug_str:0000000000000379 .LASF115
C:\Users\AMIN\AppData\Local\Temp\ccNO8lvS.s:2357   .debug_str:0000000000000319 .LASF116
C:\Users\AMIN\AppData\Local\Temp\ccNO8lvS.s:2349   .debug_str:00000000000002f6 .LASF117
C:\Users\AMIN\AppData\Local\Temp\ccNO8lvS.s:2469   .debug_str:0000000000000594 .LASF118
C:\Users\AMIN\AppData\Local\Temp\ccNO8lvS.s:2237   .debug_str:00000000000000d0 .LASF133
C:\Users\AMIN\AppData\Local\Temp\ccNO8lvS.s:2423   .debug_str:0000000000000448 .LASF119
C:\Users\AMIN\AppData\Local\Temp\ccNO8lvS.s:2451   .debug_str:000000000000053c .LASF120
C:\Users\AMIN\AppData\Local\Temp\ccNO8lvS.s:2275   .debug_str:0000000000000182 .LASF121
C:\Users\AMIN\AppData\Local\Temp\ccNO8lvS.s:2393   .debug_str:00000000000003bd .LASF122
C:\Users\AMIN\AppData\Local\Temp\ccNO8lvS.s:2317   .debug_str:000000000000024a .LASF123
C:\Users\AMIN\AppData\Local\Temp\ccNO8lvS.s:2335   .debug_str:00000000000002bf .LASF124
C:\Users\AMIN\AppData\Local\Temp\ccNO8lvS.s:2351   .debug_str:00000000000002ff .LASF125
C:\Users\AMIN\AppData\Local\Temp\ccNO8lvS.s:2355   .debug_str:0000000000000312 .LASF126
C:\Users\AMIN\AppData\Local\Temp\ccNO8lvS.s:2433   .debug_str:0000000000000471 .LASF127
C:\Users\AMIN\AppData\Local\Temp\ccNO8lvS.s:2479   .debug_str:00000000000005c2 .LASF128
C:\Users\AMIN\AppData\Local\Temp\ccNO8lvS.s:2343   .debug_str:00000000000002dc .LASF129
C:\Users\AMIN\AppData\Local\Temp\ccNO8lvS.s:2363   .debug_str:0000000000000331 .LASF134
C:\Users\AMIN\AppData\Local\Temp\ccNO8lvS.s:14     .text._lseek:0000000000000000 .LFB1
C:\Users\AMIN\AppData\Local\Temp\ccNO8lvS.s:41     .text._lseek:000000000000001a .LFE1
C:\Users\AMIN\AppData\Local\Temp\ccNO8lvS.s:2132   .debug_loc:0000000000000000 .LLST0
C:\Users\AMIN\AppData\Local\Temp\ccNO8lvS.s:2150   .debug_loc:000000000000002c .LLST1
C:\Users\AMIN\AppData\Local\Temp\ccNO8lvS.s:2164   .debug_loc:000000000000004d .LLST2
C:\Users\AMIN\AppData\Local\Temp\ccNO8lvS.s:2178   .debug_loc:000000000000006e .LLST3
C:\Users\AMIN\AppData\Local\Temp\ccNO8lvS.s:28     .text._lseek:000000000000000c .LVL1
C:\Users\AMIN\AppData\Local\Temp\ccNO8lvS.s:2239   .debug_str:00000000000000db .LASF135
C:\Users\AMIN\AppData\Local\Temp\ccNO8lvS.s:2217   .debug_str:0000000000000014 .LASF136
C:\Users\AMIN\AppData\Local\Temp\ccNO8lvS.s:22     .text._lseek:0000000000000002 .LCFI0
C:\Users\AMIN\AppData\Local\Temp\ccNO8lvS.s:37     .text._lseek:0000000000000018 .LCFI1
C:\Users\AMIN\AppData\Local\Temp\ccNO8lvS.s:18     .text._lseek:0000000000000000 .LVL0
C:\Users\AMIN\AppData\Local\Temp\ccNO8lvS.s:54     .debug_info:0000000000000000 .Ldebug_info0

UNDEFINED SYMBOLS
GAS LISTING C:\Users\AMIN\AppData\Local\Temp\ccNO8lvS.s 			page 6


isatty
