GAS LISTING C:\Users\AMIN\AppData\Local\Temp\cct1oQJv.s 			page 1


   1              		.file	"main.c"
   2              		.option nopic
   3              		.attribute arch, "rv32i2p0_m2p0_a2p0_c2p0"
   4              		.attribute unaligned_access, 0
   5              		.attribute stack_align, 16
   6              		.text
   7              	.Ltext0:
   8              		.cfi_sections	.debug_frame
   9              		.section	.text.delay_ms,"ax",@progbits
  10              		.align	1
  11              		.globl	delay_ms
  13              	delay_ms:
  14              	.LFB2:
  15              		.file 1 "main.c"
   1:main.c        **** 
   2:main.c        **** 
   3:main.c        **** #include "gd32vf103.h"
   4:main.c        **** #include <stdlib.h>
   5:main.c        **** 
   6:main.c        **** #define MTIME           (*(volatile uint64_t*)0xD1000000)
   7:main.c        **** #define MTIMECMP        (*(volatile uint64_t*)0xD1000008)
   8:main.c        **** #define SYSTEM_CLOCK    108000000  // 108 MHz
   9:main.c        **** #define TICKS_PER_MS    (SYSTEM_CLOCK / 4000)  // Approximation
  10:main.c        **** 
  11:main.c        **** void delay_ms(uint32_t ms) {
  16              		.loc 1 11 28
  17              		.cfi_startproc
  18              	.LVL0:
  12:main.c        ****     uint64_t start = MTIME;
  19              		.loc 1 12 5
  20              		.loc 1 12 14 is_stmt 0
  21 0000 B70700D1 		li	a5,-788529152
  22 0004 03A80700 		lw	a6,0(a5)
  23 0008 83A84700 		lw	a7,4(a5)
  24              	.LVL1:
  13:main.c        ****     while ((MTIME - start) < (ms * TICKS_PER_MS));
  25              		.loc 1 13 5 is_stmt 1
  26              		.loc 1 13 34 is_stmt 0
  27 000c 9D67     		li	a5,28672
  28 000e 93878797 		addi	a5,a5,-1672
  29 0012 3305F502 		mul	a0,a0,a5
  30              	.LVL2:
  31 0016 8145     		li	a1,0
  32              		.loc 1 13 13
  33 0018 370600D1 		li	a2,-788529152
  34              	.L2:
  35              		.loc 1 13 50 is_stmt 1 discriminator 1
  36              		.loc 1 13 13 is_stmt 0 discriminator 1
  37 001c 03230600 		lw	t1,0(a2)
  38 0020 83234600 		lw	t2,4(a2)
  39              		.loc 1 13 19 discriminator 1
  40 0024 B3060341 		sub	a3,t1,a6
  41 0028 3337D300 		sgtu	a4,a3,t1
  42 002c B3871341 		sub	a5,t2,a7
  43 0030 998F     		sub	a5,a5,a4
  44              		.loc 1 13 11 discriminator 1
  45 0032 6394F500 		bne	a1,a5,.L1
GAS LISTING C:\Users\AMIN\AppData\Local\Temp\cct1oQJv.s 			page 2


  46 0036 E3E3A6FE 		bgtu	a0,a3,.L2
  47              	.L1:
  14:main.c        **** }
  48              		.loc 1 14 1
  49 003a 8280     		ret
  50              		.cfi_endproc
  51              	.LFE2:
  53              		.section	.text.get_random_delay,"ax",@progbits
  54              		.align	1
  55              		.globl	get_random_delay
  57              	get_random_delay:
  58              	.LFB3:
  15:main.c        **** 
  16:main.c        **** uint32_t get_random_delay() {
  59              		.loc 1 16 29 is_stmt 1
  60              		.cfi_startproc
  17:main.c        ****     return (2 + (rand() % 5)) * 1000; // Random delay between 2 to 8 seconds
  61              		.loc 1 17 5
  16:main.c        ****     return (2 + (rand() % 5)) * 1000; // Random delay between 2 to 8 seconds
  62              		.loc 1 16 29 is_stmt 0
  63 0000 4111     		addi	sp,sp,-16
  64              	.LCFI0:
  65              		.cfi_def_cfa_offset 16
  66 0002 06C6     		sw	ra,12(sp)
  67              		.cfi_offset 1, -4
  68              		.loc 1 17 18
  69 0004 97000000 		call	rand
  69      E7800000 
  70              	.LVL3:
  71              		.loc 1 17 25
  72 000c 9547     		li	a5,5
  73 000e 3365F502 		rem	a0,a0,a5
  18:main.c        **** }
  74              		.loc 1 18 1
  75 0012 B240     		lw	ra,12(sp)
  76              		.cfi_restore 1
  77 0014 9307803E 		li	a5,1000
  78 0018 4101     		addi	sp,sp,16
  79              	.LCFI1:
  80              		.cfi_def_cfa_offset 0
  17:main.c        ****     return (2 + (rand() % 5)) * 1000; // Random delay between 2 to 8 seconds
  81              		.loc 1 17 15
  82 001a 0905     		addi	a0,a0,2
  83              		.loc 1 18 1
  84 001c 3305F502 		mul	a0,a0,a5
  85 0020 8280     		jr	ra
  86              		.cfi_endproc
  87              	.LFE3:
  89              		.section	.text.startup.main,"ax",@progbits
  90              		.align	1
  91              		.globl	main
  93              	main:
  94              	.LFB4:
  19:main.c        **** 
  20:main.c        **** int main() {
  95              		.loc 1 20 12 is_stmt 1
  96              		.cfi_startproc
GAS LISTING C:\Users\AMIN\AppData\Local\Temp\cct1oQJv.s 			page 3


  21:main.c        ****     rcu_periph_clock_enable(RCU_GPIOB);
  97              		.loc 1 21 5
  20:main.c        ****     rcu_periph_clock_enable(RCU_GPIOB);
  98              		.loc 1 20 12 is_stmt 0
  99 0000 4111     		addi	sp,sp,-16
 100              	.LCFI2:
 101              		.cfi_def_cfa_offset 16
 102              		.loc 1 21 5
 103 0002 13053060 		li	a0,1539
  20:main.c        ****     rcu_periph_clock_enable(RCU_GPIOB);
 104              		.loc 1 20 12
 105 0006 06C6     		sw	ra,12(sp)
 106 0008 22C4     		sw	s0,8(sp)
 107 000a 4AC0     		sw	s2,0(sp)
 108 000c 26C2     		sw	s1,4(sp)
 109              		.cfi_offset 1, -4
 110              		.cfi_offset 8, -8
 111              		.cfi_offset 18, -16
 112              		.cfi_offset 9, -12
 113              		.loc 1 21 5
 114 000e 97000000 		call	rcu_periph_clock_enable
 114      E7800000 
 115              	.LVL4:
  22:main.c        ****     rcu_periph_clock_enable(RCU_GPIOA);
 116              		.loc 1 22 5 is_stmt 1
 117 0016 13052060 		li	a0,1538
 118 001a 97000000 		call	rcu_periph_clock_enable
 118      E7800000 
 119              	.LVL5:
  23:main.c        ****     
  24:main.c        ****     gpio_init(GPIOB, GPIO_MODE_OUT_PP, GPIO_OSPEED_50MHZ, GPIO_PIN_0);
 120              		.loc 1 24 5
 121 0022 37140140 		li	s0,1073811456
 122 0026 130504C0 		addi	a0,s0,-1024
 123 002a 8546     		li	a3,1
 124 002c 0D46     		li	a2,3
 125 002e C145     		li	a1,16
 126 0030 97000000 		call	gpio_init
 126      E7800000 
 127              	.LVL6:
  25:main.c        ****     gpio_init(GPIOA, GPIO_MODE_IN_FLOATING, GPIO_OSPEED_50MHZ, GPIO_PIN_5);
 128              		.loc 1 25 5
 129 0038 13050480 		addi	a0,s0,-2048
 130 003c 93060002 		li	a3,32
 131 0040 0D46     		li	a2,3
 132 0042 9145     		li	a1,4
 133              	.LBB2:
  26:main.c        ****     
  27:main.c        ****     while(1) {
  28:main.c        ****         delay_ms(get_random_delay());  // Wait random time between 2-8 seconds
  29:main.c        ****         gpio_bit_set(GPIOB, GPIO_PIN_0);  // Turn on LED
 134              		.loc 1 29 9 is_stmt 0
 135 0044 130904C0 		addi	s2,s0,-1024
 136              	.LBE2:
  25:main.c        ****     gpio_init(GPIOA, GPIO_MODE_IN_FLOATING, GPIO_OSPEED_50MHZ, GPIO_PIN_5);
 137              		.loc 1 25 5
 138 0048 97000000 		call	gpio_init
GAS LISTING C:\Users\AMIN\AppData\Local\Temp\cct1oQJv.s 			page 4


 138      E7800000 
 139              	.LVL7:
 140              	.LBB3:
  30:main.c        **** 
  31:main.c        ****         uint32_t timer = 0;
  32:main.c        ****         while(timer < 50) { // 0.5 sec window
  33:main.c        ****             if(gpio_input_bit_get(GPIOA, GPIO_PIN_5) == 0) {
 141              		.loc 1 33 16
 142 0050 13040480 		addi	s0,s0,-2048
 143              	.L11:
 144              	.LBE3:
  27:main.c        ****         delay_ms(get_random_delay());  // Wait random time between 2-8 seconds
 145              		.loc 1 27 5 is_stmt 1
 146              	.LBB4:
  28:main.c        ****         gpio_bit_set(GPIOB, GPIO_PIN_0);  // Turn on LED
 147              		.loc 1 28 9
 148 0054 97000000 		call	get_random_delay
 148      E7800000 
 149              	.LVL8:
 150 005c 97000000 		call	delay_ms
 150      E7800000 
 151              	.LVL9:
  29:main.c        **** 
 152              		.loc 1 29 9
 153 0064 8545     		li	a1,1
 154 0066 4A85     		mv	a0,s2
 155 0068 97000000 		call	gpio_bit_set
 155      E7800000 
 156              	.LVL10:
  31:main.c        ****         while(timer < 50) { // 0.5 sec window
 157              		.loc 1 31 9
  32:main.c        ****             if(gpio_input_bit_get(GPIOA, GPIO_PIN_5) == 0) {
 158              		.loc 1 32 9
  29:main.c        **** 
 159              		.loc 1 29 9 is_stmt 0
 160 0070 93042003 		li	s1,50
 161              	.LVL11:
 162              	.L10:
 163              		.loc 1 33 13 is_stmt 1
 164              		.loc 1 33 16 is_stmt 0
 165 0074 93050002 		li	a1,32
 166 0078 2285     		mv	a0,s0
 167 007a 97000000 		call	gpio_input_bit_get
 167      E7800000 
 168              	.LVL12:
 169              		.loc 1 33 15
 170 0082 11E1     		bne	a0,zero,.L8
 171              	.L9:
  34:main.c        ****                 while(1); // Stay lit indefinitely if button is pressed
 172              		.loc 1 34 17 is_stmt 1 discriminator 1
 173              		.loc 1 34 25 discriminator 1
 174 0084 01A0     		j	.L9
 175              	.L8:
  35:main.c        ****             }
  36:main.c        ****             delay_ms(1);
 176              		.loc 1 36 13
 177 0086 0545     		li	a0,1
GAS LISTING C:\Users\AMIN\AppData\Local\Temp\cct1oQJv.s 			page 5


 178 0088 FD14     		addi	s1,s1,-1
 179              	.LVL13:
 180 008a 97000000 		call	delay_ms
 180      E7800000 
 181              	.LVL14:
  37:main.c        ****             timer++;
 182              		.loc 1 37 13
  32:main.c        ****             if(gpio_input_bit_get(GPIOA, GPIO_PIN_5) == 0) {
 183              		.loc 1 32 14 is_stmt 0
 184 0092 EDF0     		bne	s1,zero,.L10
  38:main.c        ****         }
  39:main.c        **** 
  40:main.c        ****         gpio_bit_reset(GPIOB, GPIO_PIN_0);  // Turn off LED if button wasn't pressed
 185              		.loc 1 40 9 is_stmt 1
 186 0094 8545     		li	a1,1
 187 0096 4A85     		mv	a0,s2
 188 0098 97000000 		call	gpio_bit_reset
 188      E7800000 
 189              	.LVL15:
 190              	.LBE4:
  27:main.c        ****         delay_ms(get_random_delay());  // Wait random time between 2-8 seconds
 191              		.loc 1 27 14 is_stmt 0
 192 00a0 55BF     		j	.L11
 193              		.cfi_endproc
 194              	.LFE4:
 196              		.text
 197              	.Letext0:
 198              		.file 2 "c:\\mikrodata\\toolchain-gd32v-v202-win\\toolchain-gd32v-v202-win\\compiler\\riscv64-unkn
 199              		.file 3 "c:\\mikrodata\\toolchain-gd32v-v202-win\\toolchain-gd32v-v202-win\\compiler\\riscv64-unkn
 200              		.file 4 "c:\\mikrodata\\toolchain-gd32v-v202-win\\toolchain-gd32v-v202-win\\compiler\\lib\\gcc\\ri
 201              		.file 5 "c:\\mikrodata\\toolchain-gd32v-v202-win\\toolchain-gd32v-v202-win\\compiler\\riscv64-unkn
 202              		.file 6 "c:\\mikrodata\\toolchain-gd32v-v202-win\\toolchain-gd32v-v202-win\\compiler\\riscv64-unkn
 203              		.file 7 "c:\\mikrodata\\toolchain-gd32v-v202-win\\toolchain-gd32v-v202-win\\compiler\\riscv64-unkn
 204              		.file 8 "./../../firmware/GD32VF103_standard_peripheral/system_gd32vf103.h"
 205              		.file 9 "c:\\mikrodata\\toolchain-gd32v-v202-win\\toolchain-gd32v-v202-win\\compiler\\riscv64-unkn
 206              		.file 10 "./../../firmware/GD32VF103_standard_peripheral/Include/gd32vf103_gpio.h"
 207              		.file 11 "./../../firmware/GD32VF103_standard_peripheral/Include/gd32vf103_rcu.h"
GAS LISTING C:\Users\AMIN\AppData\Local\Temp\cct1oQJv.s 			page 6


DEFINED SYMBOLS
                            *ABS*:0000000000000000 main.c
C:\Users\AMIN\AppData\Local\Temp\cct1oQJv.s:13     .text.delay_ms:0000000000000000 delay_ms
C:\Users\AMIN\AppData\Local\Temp\cct1oQJv.s:17     .text.delay_ms:0000000000000000 .L0 
C:\Users\AMIN\AppData\Local\Temp\cct1oQJv.s:19     .text.delay_ms:0000000000000000 .L0 
C:\Users\AMIN\AppData\Local\Temp\cct1oQJv.s:20     .text.delay_ms:0000000000000000 .L0 
C:\Users\AMIN\AppData\Local\Temp\cct1oQJv.s:21     .text.delay_ms:0000000000000000 .L0 
C:\Users\AMIN\AppData\Local\Temp\cct1oQJv.s:26     .text.delay_ms:000000000000000c .L0 
C:\Users\AMIN\AppData\Local\Temp\cct1oQJv.s:27     .text.delay_ms:000000000000000c .L0 
C:\Users\AMIN\AppData\Local\Temp\cct1oQJv.s:33     .text.delay_ms:0000000000000018 .L0 
C:\Users\AMIN\AppData\Local\Temp\cct1oQJv.s:36     .text.delay_ms:000000000000001c .L0 
C:\Users\AMIN\AppData\Local\Temp\cct1oQJv.s:37     .text.delay_ms:000000000000001c .L0 
C:\Users\AMIN\AppData\Local\Temp\cct1oQJv.s:40     .text.delay_ms:0000000000000024 .L0 
C:\Users\AMIN\AppData\Local\Temp\cct1oQJv.s:45     .text.delay_ms:0000000000000032 .L0 
C:\Users\AMIN\AppData\Local\Temp\cct1oQJv.s:49     .text.delay_ms:000000000000003a .L0 
C:\Users\AMIN\AppData\Local\Temp\cct1oQJv.s:50     .text.delay_ms:000000000000003c .L0 
C:\Users\AMIN\AppData\Local\Temp\cct1oQJv.s:57     .text.get_random_delay:0000000000000000 get_random_delay
C:\Users\AMIN\AppData\Local\Temp\cct1oQJv.s:60     .text.get_random_delay:0000000000000000 .L0 
C:\Users\AMIN\AppData\Local\Temp\cct1oQJv.s:61     .text.get_random_delay:0000000000000000 .L0 
C:\Users\AMIN\AppData\Local\Temp\cct1oQJv.s:62     .text.get_random_delay:0000000000000000 .L0 
C:\Users\AMIN\AppData\Local\Temp\cct1oQJv.s:63     .text.get_random_delay:0000000000000000 .L0 
C:\Users\AMIN\AppData\Local\Temp\cct1oQJv.s:65     .text.get_random_delay:0000000000000002 .L0 
C:\Users\AMIN\AppData\Local\Temp\cct1oQJv.s:67     .text.get_random_delay:0000000000000004 .L0 
C:\Users\AMIN\AppData\Local\Temp\cct1oQJv.s:69     .text.get_random_delay:0000000000000004 .L0 
C:\Users\AMIN\AppData\Local\Temp\cct1oQJv.s:72     .text.get_random_delay:000000000000000c .L0 
C:\Users\AMIN\AppData\Local\Temp\cct1oQJv.s:75     .text.get_random_delay:0000000000000012 .L0 
C:\Users\AMIN\AppData\Local\Temp\cct1oQJv.s:76     .text.get_random_delay:0000000000000014 .L0 
C:\Users\AMIN\AppData\Local\Temp\cct1oQJv.s:80     .text.get_random_delay:000000000000001a .L0 
C:\Users\AMIN\AppData\Local\Temp\cct1oQJv.s:82     .text.get_random_delay:000000000000001a .L0 
C:\Users\AMIN\AppData\Local\Temp\cct1oQJv.s:84     .text.get_random_delay:000000000000001c .L0 
C:\Users\AMIN\AppData\Local\Temp\cct1oQJv.s:86     .text.get_random_delay:0000000000000022 .L0 
C:\Users\AMIN\AppData\Local\Temp\cct1oQJv.s:93     .text.startup.main:0000000000000000 main
C:\Users\AMIN\AppData\Local\Temp\cct1oQJv.s:96     .text.startup.main:0000000000000000 .L0 
C:\Users\AMIN\AppData\Local\Temp\cct1oQJv.s:97     .text.startup.main:0000000000000000 .L0 
C:\Users\AMIN\AppData\Local\Temp\cct1oQJv.s:98     .text.startup.main:0000000000000000 .L0 
C:\Users\AMIN\AppData\Local\Temp\cct1oQJv.s:99     .text.startup.main:0000000000000000 .L0 
C:\Users\AMIN\AppData\Local\Temp\cct1oQJv.s:101    .text.startup.main:0000000000000002 .L0 
C:\Users\AMIN\AppData\Local\Temp\cct1oQJv.s:103    .text.startup.main:0000000000000002 .L0 
C:\Users\AMIN\AppData\Local\Temp\cct1oQJv.s:105    .text.startup.main:0000000000000006 .L0 
C:\Users\AMIN\AppData\Local\Temp\cct1oQJv.s:109    .text.startup.main:000000000000000e .L0 
C:\Users\AMIN\AppData\Local\Temp\cct1oQJv.s:110    .text.startup.main:000000000000000e .L0 
C:\Users\AMIN\AppData\Local\Temp\cct1oQJv.s:111    .text.startup.main:000000000000000e .L0 
C:\Users\AMIN\AppData\Local\Temp\cct1oQJv.s:112    .text.startup.main:000000000000000e .L0 
C:\Users\AMIN\AppData\Local\Temp\cct1oQJv.s:114    .text.startup.main:000000000000000e .L0 
C:\Users\AMIN\AppData\Local\Temp\cct1oQJv.s:117    .text.startup.main:0000000000000016 .L0 
C:\Users\AMIN\AppData\Local\Temp\cct1oQJv.s:121    .text.startup.main:0000000000000022 .L0 
C:\Users\AMIN\AppData\Local\Temp\cct1oQJv.s:129    .text.startup.main:0000000000000038 .L0 
C:\Users\AMIN\AppData\Local\Temp\cct1oQJv.s:135    .text.startup.main:0000000000000044 .L0 
C:\Users\AMIN\AppData\Local\Temp\cct1oQJv.s:138    .text.startup.main:0000000000000048 .L0 
C:\Users\AMIN\AppData\Local\Temp\cct1oQJv.s:142    .text.startup.main:0000000000000050 .L0 
C:\Users\AMIN\AppData\Local\Temp\cct1oQJv.s:147    .text.startup.main:0000000000000054 .L0 
C:\Users\AMIN\AppData\Local\Temp\cct1oQJv.s:148    .text.startup.main:0000000000000054 .L0 
C:\Users\AMIN\AppData\Local\Temp\cct1oQJv.s:153    .text.startup.main:0000000000000064 .L0 
C:\Users\AMIN\AppData\Local\Temp\cct1oQJv.s:158    .text.startup.main:0000000000000070 .L0 
C:\Users\AMIN\AppData\Local\Temp\cct1oQJv.s:159    .text.startup.main:0000000000000070 .L0 
C:\Users\AMIN\AppData\Local\Temp\cct1oQJv.s:160    .text.startup.main:0000000000000070 .L0 
C:\Users\AMIN\AppData\Local\Temp\cct1oQJv.s:164    .text.startup.main:0000000000000074 .L0 
GAS LISTING C:\Users\AMIN\AppData\Local\Temp\cct1oQJv.s 			page 7


C:\Users\AMIN\AppData\Local\Temp\cct1oQJv.s:165    .text.startup.main:0000000000000074 .L0 
C:\Users\AMIN\AppData\Local\Temp\cct1oQJv.s:170    .text.startup.main:0000000000000082 .L0 
C:\Users\AMIN\AppData\Local\Temp\cct1oQJv.s:173    .text.startup.main:0000000000000084 .L0 
C:\Users\AMIN\AppData\Local\Temp\cct1oQJv.s:174    .text.startup.main:0000000000000084 .L0 
C:\Users\AMIN\AppData\Local\Temp\cct1oQJv.s:177    .text.startup.main:0000000000000086 .L0 
C:\Users\AMIN\AppData\Local\Temp\cct1oQJv.s:183    .text.startup.main:0000000000000092 .L0 
C:\Users\AMIN\AppData\Local\Temp\cct1oQJv.s:184    .text.startup.main:0000000000000092 .L0 
C:\Users\AMIN\AppData\Local\Temp\cct1oQJv.s:186    .text.startup.main:0000000000000094 .L0 
C:\Users\AMIN\AppData\Local\Temp\cct1oQJv.s:192    .text.startup.main:00000000000000a0 .L0 
C:\Users\AMIN\AppData\Local\Temp\cct1oQJv.s:193    .text.startup.main:00000000000000a2 .L0 
C:\Users\AMIN\AppData\Local\Temp\cct1oQJv.s:53     .text.delay_ms:000000000000003c .L0 
C:\Users\AMIN\AppData\Local\Temp\cct1oQJv.s:89     .text.get_random_delay:0000000000000022 .L0 
C:\Users\AMIN\AppData\Local\Temp\cct1oQJv.s:196    .text.startup.main:00000000000000a2 .L0 
                     .debug_frame:0000000000000000 .L0 
C:\Users\AMIN\AppData\Local\Temp\cct1oQJv.s:47     .text.delay_ms:000000000000003a .L1
C:\Users\AMIN\AppData\Local\Temp\cct1oQJv.s:34     .text.delay_ms:000000000000001c .L2
C:\Users\AMIN\AppData\Local\Temp\cct1oQJv.s:175    .text.startup.main:0000000000000086 .L8
C:\Users\AMIN\AppData\Local\Temp\cct1oQJv.s:171    .text.startup.main:0000000000000084 .L9
C:\Users\AMIN\AppData\Local\Temp\cct1oQJv.s:162    .text.startup.main:0000000000000074 .L10
C:\Users\AMIN\AppData\Local\Temp\cct1oQJv.s:143    .text.startup.main:0000000000000054 .L11
C:\Users\AMIN\AppData\Local\Temp\cct1oQJv.s:2030   .debug_abbrev:0000000000000000 .Ldebug_abbrev0
C:\Users\AMIN\AppData\Local\Temp\cct1oQJv.s:3066   .debug_str:000000000000060d .LASF176
C:\Users\AMIN\AppData\Local\Temp\cct1oQJv.s:2920   .debug_str:0000000000000346 .LASF177
C:\Users\AMIN\AppData\Local\Temp\cct1oQJv.s:2776   .debug_str:0000000000000038 .LASF178
C:\Users\AMIN\AppData\Local\Temp\cct1oQJv.s:2744   .debug_ranges:0000000000000000 .Ldebug_ranges0
C:\Users\AMIN\AppData\Local\Temp\cct1oQJv.s:2762   .debug_line:0000000000000000 .Ldebug_line0
C:\Users\AMIN\AppData\Local\Temp\cct1oQJv.s:3050   .debug_str:00000000000005c0 .LASF0
C:\Users\AMIN\AppData\Local\Temp\cct1oQJv.s:2824   .debug_str:0000000000000191 .LASF1
C:\Users\AMIN\AppData\Local\Temp\cct1oQJv.s:2786   .debug_str:00000000000000bc .LASF6
C:\Users\AMIN\AppData\Local\Temp\cct1oQJv.s:2982   .debug_str:000000000000048d .LASF2
C:\Users\AMIN\AppData\Local\Temp\cct1oQJv.s:3054   .debug_str:00000000000005d6 .LASF3
C:\Users\AMIN\AppData\Local\Temp\cct1oQJv.s:3070   .debug_str:000000000000069e .LASF4
C:\Users\AMIN\AppData\Local\Temp\cct1oQJv.s:2842   .debug_str:00000000000001df .LASF5
C:\Users\AMIN\AppData\Local\Temp\cct1oQJv.s:2868   .debug_str:000000000000025d .LASF7
C:\Users\AMIN\AppData\Local\Temp\cct1oQJv.s:2892   .debug_str:00000000000002c8 .LASF8
C:\Users\AMIN\AppData\Local\Temp\cct1oQJv.s:2854   .debug_str:0000000000000212 .LASF9
C:\Users\AMIN\AppData\Local\Temp\cct1oQJv.s:2962   .debug_str:0000000000000420 .LASF10
C:\Users\AMIN\AppData\Local\Temp\cct1oQJv.s:2796   .debug_str:00000000000000f6 .LASF11
C:\Users\AMIN\AppData\Local\Temp\cct1oQJv.s:3058   .debug_str:00000000000005e8 .LASF12
C:\Users\AMIN\AppData\Local\Temp\cct1oQJv.s:3082   .debug_str:00000000000006e6 .LASF13
C:\Users\AMIN\AppData\Local\Temp\cct1oQJv.s:2944   .debug_str:00000000000003c3 .LASF14
C:\Users\AMIN\AppData\Local\Temp\cct1oQJv.s:2884   .debug_str:000000000000029c .LASF161
C:\Users\AMIN\AppData\Local\Temp\cct1oQJv.s:2772   .debug_str:0000000000000027 .LASF15
C:\Users\AMIN\AppData\Local\Temp\cct1oQJv.s:2826   .debug_str:000000000000019d .LASF16
C:\Users\AMIN\AppData\Local\Temp\cct1oQJv.s:2820   .debug_str:0000000000000182 .LASF17
C:\Users\AMIN\AppData\Local\Temp\cct1oQJv.s:3052   .debug_str:00000000000005cd .LASF18
C:\Users\AMIN\AppData\Local\Temp\cct1oQJv.s:2852   .debug_str:0000000000000208 .LASF19
C:\Users\AMIN\AppData\Local\Temp\cct1oQJv.s:2970   .debug_str:000000000000044b .LASF20
C:\Users\AMIN\AppData\Local\Temp\cct1oQJv.s:2972   .debug_str:0000000000000456 .LASF21
C:\Users\AMIN\AppData\Local\Temp\cct1oQJv.s:2974   .debug_str:0000000000000461 .LASF22
C:\Users\AMIN\AppData\Local\Temp\cct1oQJv.s:2976   .debug_str:000000000000046c .LASF23
C:\Users\AMIN\AppData\Local\Temp\cct1oQJv.s:2978   .debug_str:0000000000000477 .LASF24
C:\Users\AMIN\AppData\Local\Temp\cct1oQJv.s:2980   .debug_str:0000000000000482 .LASF25
C:\Users\AMIN\AppData\Local\Temp\cct1oQJv.s:3064   .debug_str:0000000000000603 .LASF26
C:\Users\AMIN\AppData\Local\Temp\cct1oQJv.s:2768   .debug_str:0000000000000015 .LASF27
C:\Users\AMIN\AppData\Local\Temp\cct1oQJv.s:2770   .debug_str:000000000000001e .LASF28
C:\Users\AMIN\AppData\Local\Temp\cct1oQJv.s:2948   .debug_str:00000000000003d7 .LASF29
GAS LISTING C:\Users\AMIN\AppData\Local\Temp\cct1oQJv.s 			page 8


C:\Users\AMIN\AppData\Local\Temp\cct1oQJv.s:2950   .debug_str:00000000000003e2 .LASF30
C:\Users\AMIN\AppData\Local\Temp\cct1oQJv.s:2798   .debug_str:000000000000010d .LASF31
C:\Users\AMIN\AppData\Local\Temp\cct1oQJv.s:2800   .debug_str:0000000000000117 .LASF32
C:\Users\AMIN\AppData\Local\Temp\cct1oQJv.s:3098   .debug_str:000000000000072a .LASF33
C:\Users\AMIN\AppData\Local\Temp\cct1oQJv.s:3032   .debug_str:0000000000000575 .LASF34
C:\Users\AMIN\AppData\Local\Temp\cct1oQJv.s:2864   .debug_str:000000000000024f .LASF35
C:\Users\AMIN\AppData\Local\Temp\cct1oQJv.s:2818   .debug_str:0000000000000179 .LASF36
C:\Users\AMIN\AppData\Local\Temp\cct1oQJv.s:3038   .debug_str:0000000000000590 .LASF37
C:\Users\AMIN\AppData\Local\Temp\cct1oQJv.s:3078   .debug_str:00000000000006cb .LASF38
C:\Users\AMIN\AppData\Local\Temp\cct1oQJv.s:2910   .debug_str:0000000000000317 .LASF39
C:\Users\AMIN\AppData\Local\Temp\cct1oQJv.s:2902   .debug_str:00000000000002f7 .LASF40
C:\Users\AMIN\AppData\Local\Temp\cct1oQJv.s:2784   .debug_str:00000000000000b5 .LASF41
C:\Users\AMIN\AppData\Local\Temp\cct1oQJv.s:2804   .debug_str:000000000000012a .LASF42
C:\Users\AMIN\AppData\Local\Temp\cct1oQJv.s:2886   .debug_str:00000000000002ac .LASF43
C:\Users\AMIN\AppData\Local\Temp\cct1oQJv.s:2888   .debug_str:00000000000002b6 .LASF44
C:\Users\AMIN\AppData\Local\Temp\cct1oQJv.s:2808   .debug_str:000000000000013f .LASF45
C:\Users\AMIN\AppData\Local\Temp\cct1oQJv.s:2810   .debug_str:0000000000000149 .LASF46
C:\Users\AMIN\AppData\Local\Temp\cct1oQJv.s:2898   .debug_str:00000000000002e5 .LASF47
C:\Users\AMIN\AppData\Local\Temp\cct1oQJv.s:2900   .debug_str:00000000000002ee .LASF48
C:\Users\AMIN\AppData\Local\Temp\cct1oQJv.s:2968   .debug_str:0000000000000440 .LASF49
C:\Users\AMIN\AppData\Local\Temp\cct1oQJv.s:2766   .debug_str:000000000000000c .LASF50
C:\Users\AMIN\AppData\Local\Temp\cct1oQJv.s:2946   .debug_str:00000000000003cc .LASF51
C:\Users\AMIN\AppData\Local\Temp\cct1oQJv.s:3040   .debug_str:0000000000000599 .LASF52
C:\Users\AMIN\AppData\Local\Temp\cct1oQJv.s:2960   .debug_str:0000000000000419 .LASF53
C:\Users\AMIN\AppData\Local\Temp\cct1oQJv.s:2790   .debug_str:00000000000000cf .LASF54
C:\Users\AMIN\AppData\Local\Temp\cct1oQJv.s:3036   .debug_str:0000000000000588 .LASF55
C:\Users\AMIN\AppData\Local\Temp\cct1oQJv.s:3090   .debug_str:0000000000000707 .LASF56
C:\Users\AMIN\AppData\Local\Temp\cct1oQJv.s:2918   .debug_str:0000000000000340 .LASF57
C:\Users\AMIN\AppData\Local\Temp\cct1oQJv.s:2882   .debug_str:0000000000000295 .LASF58
C:\Users\AMIN\AppData\Local\Temp\cct1oQJv.s:3026   .debug_str:000000000000055f .LASF59
C:\Users\AMIN\AppData\Local\Temp\cct1oQJv.s:3028   .debug_str:0000000000000567 .LASF60
C:\Users\AMIN\AppData\Local\Temp\cct1oQJv.s:2966   .debug_str:0000000000000435 .LASF61
C:\Users\AMIN\AppData\Local\Temp\cct1oQJv.s:3074   .debug_str:00000000000006b6 .LASF62
C:\Users\AMIN\AppData\Local\Temp\cct1oQJv.s:2936   .debug_str:0000000000000389 .LASF63
C:\Users\AMIN\AppData\Local\Temp\cct1oQJv.s:2988   .debug_str:00000000000004aa .LASF64
C:\Users\AMIN\AppData\Local\Temp\cct1oQJv.s:2876   .debug_str:0000000000000282 .LASF69
C:\Users\AMIN\AppData\Local\Temp\cct1oQJv.s:3060   .debug_str:00000000000005f0 .LASF65
C:\Users\AMIN\AppData\Local\Temp\cct1oQJv.s:3016   .debug_str:0000000000000539 .LASF66
C:\Users\AMIN\AppData\Local\Temp\cct1oQJv.s:2870   .debug_str:0000000000000268 .LASF67
C:\Users\AMIN\AppData\Local\Temp\cct1oQJv.s:3086   .debug_str:00000000000006fc .LASF68
C:\Users\AMIN\AppData\Local\Temp\cct1oQJv.s:2880   .debug_str:0000000000000290 .LASF70
C:\Users\AMIN\AppData\Local\Temp\cct1oQJv.s:2816   .debug_str:0000000000000170 .LASF71
C:\Users\AMIN\AppData\Local\Temp\cct1oQJv.s:3108   .debug_str:000000000000075b .LASF72
C:\Users\AMIN\AppData\Local\Temp\cct1oQJv.s:2832   .debug_str:00000000000001b2 .LASF73
C:\Users\AMIN\AppData\Local\Temp\cct1oQJv.s:3120   .debug_str:0000000000000787 .LASF74
C:\Users\AMIN\AppData\Local\Temp\cct1oQJv.s:2938   .debug_str:000000000000039b .LASF75
C:\Users\AMIN\AppData\Local\Temp\cct1oQJv.s:2930   .debug_str:0000000000000365 .LASF76
C:\Users\AMIN\AppData\Local\Temp\cct1oQJv.s:3034   .debug_str:000000000000057e .LASF77
C:\Users\AMIN\AppData\Local\Temp\cct1oQJv.s:2990   .debug_str:00000000000004b3 .LASF78
C:\Users\AMIN\AppData\Local\Temp\cct1oQJv.s:3104   .debug_str:0000000000000741 .LASF79
C:\Users\AMIN\AppData\Local\Temp\cct1oQJv.s:2836   .debug_str:00000000000001c1 .LASF80
C:\Users\AMIN\AppData\Local\Temp\cct1oQJv.s:2774   .debug_str:0000000000000030 .LASF81
C:\Users\AMIN\AppData\Local\Temp\cct1oQJv.s:2764   .debug_str:0000000000000000 .LASF82
C:\Users\AMIN\AppData\Local\Temp\cct1oQJv.s:3068   .debug_str:0000000000000695 .LASF83
C:\Users\AMIN\AppData\Local\Temp\cct1oQJv.s:2846   .debug_str:00000000000001ef .LASF84
C:\Users\AMIN\AppData\Local\Temp\cct1oQJv.s:2952   .debug_str:00000000000003ed .LASF85
C:\Users\AMIN\AppData\Local\Temp\cct1oQJv.s:3008   .debug_str:0000000000000509 .LASF86
GAS LISTING C:\Users\AMIN\AppData\Local\Temp\cct1oQJv.s 			page 9


C:\Users\AMIN\AppData\Local\Temp\cct1oQJv.s:2866   .debug_str:0000000000000258 .LASF87
C:\Users\AMIN\AppData\Local\Temp\cct1oQJv.s:2992   .debug_str:00000000000004bd .LASF88
C:\Users\AMIN\AppData\Local\Temp\cct1oQJv.s:2830   .debug_str:00000000000001ac .LASF89
C:\Users\AMIN\AppData\Local\Temp\cct1oQJv.s:3048   .debug_str:00000000000005ba .LASF90
C:\Users\AMIN\AppData\Local\Temp\cct1oQJv.s:3000   .debug_str:00000000000004e6 .LASF91
C:\Users\AMIN\AppData\Local\Temp\cct1oQJv.s:2844   .debug_str:00000000000001e8 .LASF92
C:\Users\AMIN\AppData\Local\Temp\cct1oQJv.s:2894   .debug_str:00000000000002da .LASF93
C:\Users\AMIN\AppData\Local\Temp\cct1oQJv.s:2802   .debug_str:0000000000000121 .LASF94
C:\Users\AMIN\AppData\Local\Temp\cct1oQJv.s:2838   .debug_str:00000000000001cf .LASF95
C:\Users\AMIN\AppData\Local\Temp\cct1oQJv.s:2878   .debug_str:000000000000028a .LASF96
C:\Users\AMIN\AppData\Local\Temp\cct1oQJv.s:2928   .debug_str:000000000000035e .LASF97
C:\Users\AMIN\AppData\Local\Temp\cct1oQJv.s:3030   .debug_str:000000000000056f .LASF98
C:\Users\AMIN\AppData\Local\Temp\cct1oQJv.s:2822   .debug_str:000000000000018a .LASF99
C:\Users\AMIN\AppData\Local\Temp\cct1oQJv.s:2828   .debug_str:00000000000001a6 .LASF100
C:\Users\AMIN\AppData\Local\Temp\cct1oQJv.s:3100   .debug_str:0000000000000733 .LASF101
C:\Users\AMIN\AppData\Local\Temp\cct1oQJv.s:3046   .debug_str:00000000000005b1 .LASF102
C:\Users\AMIN\AppData\Local\Temp\cct1oQJv.s:2858   .debug_str:0000000000000228 .LASF103
C:\Users\AMIN\AppData\Local\Temp\cct1oQJv.s:2904   .debug_str:00000000000002ff .LASF104
C:\Users\AMIN\AppData\Local\Temp\cct1oQJv.s:2924   .debug_str:0000000000000352 .LASF105
C:\Users\AMIN\AppData\Local\Temp\cct1oQJv.s:3002   .debug_str:00000000000004ee .LASF106
C:\Users\AMIN\AppData\Local\Temp\cct1oQJv.s:2994   .debug_str:00000000000004c4 .LASF107
C:\Users\AMIN\AppData\Local\Temp\cct1oQJv.s:3018   .debug_str:0000000000000541 .LASF108
C:\Users\AMIN\AppData\Local\Temp\cct1oQJv.s:3042   .debug_str:00000000000005a5 .LASF109
C:\Users\AMIN\AppData\Local\Temp\cct1oQJv.s:2848   .debug_str:00000000000001f7 .LASF110
C:\Users\AMIN\AppData\Local\Temp\cct1oQJv.s:3056   .debug_str:00000000000005e0 .LASF111
C:\Users\AMIN\AppData\Local\Temp\cct1oQJv.s:2874   .debug_str:000000000000027a .LASF112
C:\Users\AMIN\AppData\Local\Temp\cct1oQJv.s:3006   .debug_str:0000000000000504 .LASF113
C:\Users\AMIN\AppData\Local\Temp\cct1oQJv.s:2782   .debug_str:00000000000000aa .LASF114
C:\Users\AMIN\AppData\Local\Temp\cct1oQJv.s:3014   .debug_str:0000000000000520 .LASF115
C:\Users\AMIN\AppData\Local\Temp\cct1oQJv.s:3010   .debug_str:000000000000050e .LASF116
C:\Users\AMIN\AppData\Local\Temp\cct1oQJv.s:2956   .debug_str:00000000000003ff .LASF117
C:\Users\AMIN\AppData\Local\Temp\cct1oQJv.s:3012   .debug_str:0000000000000516 .LASF118
C:\Users\AMIN\AppData\Local\Temp\cct1oQJv.s:2916   .debug_str:0000000000000338 .LASF119
C:\Users\AMIN\AppData\Local\Temp\cct1oQJv.s:2850   .debug_str:00000000000001fe .LASF120
C:\Users\AMIN\AppData\Local\Temp\cct1oQJv.s:3116   .debug_str:000000000000077d .LASF121
C:\Users\AMIN\AppData\Local\Temp\cct1oQJv.s:2964   .debug_str:000000000000042b .LASF122
C:\Users\AMIN\AppData\Local\Temp\cct1oQJv.s:2890   .debug_str:00000000000002c0 .LASF123
C:\Users\AMIN\AppData\Local\Temp\cct1oQJv.s:2856   .debug_str:0000000000000220 .LASF124
C:\Users\AMIN\AppData\Local\Temp\cct1oQJv.s:2922   .debug_str:000000000000034d .LASF125
C:\Users\AMIN\AppData\Local\Temp\cct1oQJv.s:2788   .debug_str:00000000000000c6 .LASF126
C:\Users\AMIN\AppData\Local\Temp\cct1oQJv.s:3094   .debug_str:000000000000071a .LASF127
C:\Users\AMIN\AppData\Local\Temp\cct1oQJv.s:2840   .debug_str:00000000000001d7 .LASF128
C:\Users\AMIN\AppData\Local\Temp\cct1oQJv.s:2834   .debug_str:00000000000001bc .LASF129
C:\Users\AMIN\AppData\Local\Temp\cct1oQJv.s:3044   .debug_str:00000000000005ac .LASF130
C:\Users\AMIN\AppData\Local\Temp\cct1oQJv.s:2996   .debug_str:00000000000004cc .LASF131
C:\Users\AMIN\AppData\Local\Temp\cct1oQJv.s:3088   .debug_str:0000000000000701 .LASF132
C:\Users\AMIN\AppData\Local\Temp\cct1oQJv.s:2906   .debug_str:0000000000000305 .LASF133
C:\Users\AMIN\AppData\Local\Temp\cct1oQJv.s:2984   .debug_str:000000000000049b .LASF134
C:\Users\AMIN\AppData\Local\Temp\cct1oQJv.s:3020   .debug_str:0000000000000548 .LASF135
C:\Users\AMIN\AppData\Local\Temp\cct1oQJv.s:3022   .debug_str:0000000000000550 .LASF136
C:\Users\AMIN\AppData\Local\Temp\cct1oQJv.s:2926   .debug_str:0000000000000358 .LASF137
C:\Users\AMIN\AppData\Local\Temp\cct1oQJv.s:3072   .debug_str:00000000000006b1 .LASF138
C:\Users\AMIN\AppData\Local\Temp\cct1oQJv.s:3084   .debug_str:00000000000006ef .LASF139
C:\Users\AMIN\AppData\Local\Temp\cct1oQJv.s:3062   .debug_str:00000000000005f6 .LASF140
C:\Users\AMIN\AppData\Local\Temp\cct1oQJv.s:2914   .debug_str:000000000000032b .LASF141
C:\Users\AMIN\AppData\Local\Temp\cct1oQJv.s:3106   .debug_str:000000000000074c .LASF142
C:\Users\AMIN\AppData\Local\Temp\cct1oQJv.s:2958   .debug_str:000000000000040a .LASF143
GAS LISTING C:\Users\AMIN\AppData\Local\Temp\cct1oQJv.s 			page 10


C:\Users\AMIN\AppData\Local\Temp\cct1oQJv.s:2908   .debug_str:000000000000030c .LASF144
C:\Users\AMIN\AppData\Local\Temp\cct1oQJv.s:3110   .debug_str:0000000000000764 .LASF145
C:\Users\AMIN\AppData\Local\Temp\cct1oQJv.s:3004   .debug_str:00000000000004f7 .LASF146
C:\Users\AMIN\AppData\Local\Temp\cct1oQJv.s:3114   .debug_str:000000000000076f .LASF147
C:\Users\AMIN\AppData\Local\Temp\cct1oQJv.s:2814   .debug_str:0000000000000162 .LASF148
C:\Users\AMIN\AppData\Local\Temp\cct1oQJv.s:3092   .debug_str:0000000000000710 .LASF149
C:\Users\AMIN\AppData\Local\Temp\cct1oQJv.s:2912   .debug_str:000000000000031f .LASF150
C:\Users\AMIN\AppData\Local\Temp\cct1oQJv.s:3076   .debug_str:00000000000006be .LASF151
C:\Users\AMIN\AppData\Local\Temp\cct1oQJv.s:2862   .debug_str:0000000000000241 .LASF152
C:\Users\AMIN\AppData\Local\Temp\cct1oQJv.s:2812   .debug_str:0000000000000153 .LASF153
C:\Users\AMIN\AppData\Local\Temp\cct1oQJv.s:2860   .debug_str:0000000000000230 .LASF154
C:\Users\AMIN\AppData\Local\Temp\cct1oQJv.s:2792   .debug_str:00000000000000d6 .LASF155
C:\Users\AMIN\AppData\Local\Temp\cct1oQJv.s:2794   .debug_str:00000000000000e5 .LASF156
C:\Users\AMIN\AppData\Local\Temp\cct1oQJv.s:2986   .debug_str:00000000000004a1 .LASF157
C:\Users\AMIN\AppData\Local\Temp\cct1oQJv.s:2942   .debug_str:00000000000003bc .LASF158
C:\Users\AMIN\AppData\Local\Temp\cct1oQJv.s:2932   .debug_str:000000000000036f .LASF159
C:\Users\AMIN\AppData\Local\Temp\cct1oQJv.s:3102   .debug_str:0000000000000739 .LASF160
C:\Users\AMIN\AppData\Local\Temp\cct1oQJv.s:2806   .debug_str:0000000000000134 .LASF179
C:\Users\AMIN\AppData\Local\Temp\cct1oQJv.s:2872   .debug_str:000000000000026e .LASF162
C:\Users\AMIN\AppData\Local\Temp\cct1oQJv.s:3080   .debug_str:00000000000006d3 .LASF163
C:\Users\AMIN\AppData\Local\Temp\cct1oQJv.s:2954   .debug_str:00000000000003f5 .LASF164
C:\Users\AMIN\AppData\Local\Temp\cct1oQJv.s:3118   .debug_str:0000000000000782 .LASF165
C:\Users\AMIN\AppData\Local\Temp\cct1oQJv.s:94     .text.startup.main:0000000000000000 .LFB4
C:\Users\AMIN\AppData\Local\Temp\cct1oQJv.s:194    .text.startup.main:00000000000000a2 .LFE4
C:\Users\AMIN\AppData\Local\Temp\cct1oQJv.s:2656   .debug_loc:0000000000000000 .LLST2
C:\Users\AMIN\AppData\Local\Temp\cct1oQJv.s:3096   .debug_str:0000000000000724 .LASF168
C:\Users\AMIN\AppData\Local\Temp\cct1oQJv.s:2669   .debug_loc:0000000000000020 .LLST3
C:\Users\AMIN\AppData\Local\Temp\cct1oQJv.s:149    .text.startup.main:000000000000005c .LVL8
C:\Users\AMIN\AppData\Local\Temp\cct1oQJv.s:151    .text.startup.main:0000000000000064 .LVL9
C:\Users\AMIN\AppData\Local\Temp\cct1oQJv.s:156    .text.startup.main:0000000000000070 .LVL10
C:\Users\AMIN\AppData\Local\Temp\cct1oQJv.s:168    .text.startup.main:0000000000000082 .LVL12
C:\Users\AMIN\AppData\Local\Temp\cct1oQJv.s:181    .text.startup.main:0000000000000092 .LVL14
C:\Users\AMIN\AppData\Local\Temp\cct1oQJv.s:189    .text.startup.main:00000000000000a0 .LVL15
C:\Users\AMIN\AppData\Local\Temp\cct1oQJv.s:115    .text.startup.main:0000000000000016 .LVL4
C:\Users\AMIN\AppData\Local\Temp\cct1oQJv.s:119    .text.startup.main:0000000000000022 .LVL5
C:\Users\AMIN\AppData\Local\Temp\cct1oQJv.s:127    .text.startup.main:0000000000000038 .LVL6
C:\Users\AMIN\AppData\Local\Temp\cct1oQJv.s:139    .text.startup.main:0000000000000050 .LVL7
C:\Users\AMIN\AppData\Local\Temp\cct1oQJv.s:2934   .debug_str:0000000000000378 .LASF166
C:\Users\AMIN\AppData\Local\Temp\cct1oQJv.s:58     .text.get_random_delay:0000000000000000 .LFB3
C:\Users\AMIN\AppData\Local\Temp\cct1oQJv.s:87     .text.get_random_delay:0000000000000022 .LFE3
C:\Users\AMIN\AppData\Local\Temp\cct1oQJv.s:2695   .debug_loc:0000000000000054 .LLST1
C:\Users\AMIN\AppData\Local\Temp\cct1oQJv.s:70     .text.get_random_delay:000000000000000c .LVL3
C:\Users\AMIN\AppData\Local\Temp\cct1oQJv.s:3024   .debug_str:0000000000000556 .LASF167
C:\Users\AMIN\AppData\Local\Temp\cct1oQJv.s:14     .text.delay_ms:0000000000000000 .LFB2
C:\Users\AMIN\AppData\Local\Temp\cct1oQJv.s:51     .text.delay_ms:000000000000003c .LFE2
C:\Users\AMIN\AppData\Local\Temp\cct1oQJv.s:2713   .debug_loc:0000000000000080 .LLST0
C:\Users\AMIN\AppData\Local\Temp\cct1oQJv.s:3112   .debug_str:0000000000000769 .LASF169
C:\Users\AMIN\AppData\Local\Temp\cct1oQJv.s:2780   .debug_str:000000000000009d .LASF170
C:\Users\AMIN\AppData\Local\Temp\cct1oQJv.s:2998   .debug_str:00000000000004d3 .LASF171
C:\Users\AMIN\AppData\Local\Temp\cct1oQJv.s:2778   .debug_str:000000000000008e .LASF172
C:\Users\AMIN\AppData\Local\Temp\cct1oQJv.s:2940   .debug_str:00000000000003a4 .LASF173
C:\Users\AMIN\AppData\Local\Temp\cct1oQJv.s:3122   .debug_str:0000000000000791 .LASF174
C:\Users\AMIN\AppData\Local\Temp\cct1oQJv.s:2896   .debug_str:00000000000002e0 .LASF175
C:\Users\AMIN\AppData\Local\Temp\cct1oQJv.s:100    .text.startup.main:0000000000000002 .LCFI2
C:\Users\AMIN\AppData\Local\Temp\cct1oQJv.s:161    .text.startup.main:0000000000000074 .LVL11
C:\Users\AMIN\AppData\Local\Temp\cct1oQJv.s:179    .text.startup.main:000000000000008a .LVL13
C:\Users\AMIN\AppData\Local\Temp\cct1oQJv.s:64     .text.get_random_delay:0000000000000002 .LCFI0
GAS LISTING C:\Users\AMIN\AppData\Local\Temp\cct1oQJv.s 			page 11


C:\Users\AMIN\AppData\Local\Temp\cct1oQJv.s:79     .text.get_random_delay:000000000000001a .LCFI1
C:\Users\AMIN\AppData\Local\Temp\cct1oQJv.s:18     .text.delay_ms:0000000000000000 .LVL0
C:\Users\AMIN\AppData\Local\Temp\cct1oQJv.s:30     .text.delay_ms:0000000000000016 .LVL2
C:\Users\AMIN\AppData\Local\Temp\cct1oQJv.s:209    .debug_info:0000000000000000 .Ldebug_info0
C:\Users\AMIN\AppData\Local\Temp\cct1oQJv.s:133    .text.startup.main:0000000000000044 .LBB2
C:\Users\AMIN\AppData\Local\Temp\cct1oQJv.s:136    .text.startup.main:0000000000000048 .LBE2
C:\Users\AMIN\AppData\Local\Temp\cct1oQJv.s:140    .text.startup.main:0000000000000050 .LBB3
C:\Users\AMIN\AppData\Local\Temp\cct1oQJv.s:144    .text.startup.main:0000000000000054 .LBE3
C:\Users\AMIN\AppData\Local\Temp\cct1oQJv.s:146    .text.startup.main:0000000000000054 .LBB4
C:\Users\AMIN\AppData\Local\Temp\cct1oQJv.s:190    .text.startup.main:00000000000000a0 .LBE4

UNDEFINED SYMBOLS
rand
rcu_periph_clock_enable
gpio_init
gpio_bit_set
gpio_input_bit_get
gpio_bit_reset
