GAS LISTING C:\Users\AMIN\AppData\Local\Temp\ccjR7iX0.s 			page 1


   1              		.file	"read.c"
   2              		.option nopic
   3              		.attribute arch, "rv32i2p0_m2p0_a2p0_c2p0"
   4              		.attribute unaligned_access, 0
   5              		.attribute stack_align, 16
   6              		.text
   7              	.Ltext0:
   8              		.cfi_sections	.debug_frame
   9              		.section	.text._read,"ax",@progbits
  10              		.align	1
  11              		.globl	_read
  13              	_read:
  14              	.LFB1:
  15              		.file 1 "./../../firmware/RISCV/stubs/read.c"
   1:./../../firmware/RISCV/stubs/read.c **** /* See LICENSE of license details. */
   2:./../../firmware/RISCV/stubs/read.c **** 
   3:./../../firmware/RISCV/stubs/read.c **** #include <stdint.h>
   4:./../../firmware/RISCV/stubs/read.c **** #include <errno.h>
   5:./../../firmware/RISCV/stubs/read.c **** #include <unistd.h>
   6:./../../firmware/RISCV/stubs/read.c **** #include <sys/types.h>
   7:./../../firmware/RISCV/stubs/read.c **** 
   8:./../../firmware/RISCV/stubs/read.c **** #include "stub.h"
   9:./../../firmware/RISCV/stubs/read.c **** 
  10:./../../firmware/RISCV/stubs/read.c **** ssize_t _read(int fd, void* ptr, size_t len)
  11:./../../firmware/RISCV/stubs/read.c **** {
  16              		.loc 1 11 1
  17              		.cfi_startproc
  18              	.LVL0:
  12:./../../firmware/RISCV/stubs/read.c ****   return _stub(EBADF);
  19              		.loc 1 12 3
  20              		.file 2 "./../../firmware/RISCV/stubs/stub.h"
   1:./../../firmware/RISCV/stubs/stub.h **** /* See LICENSE of license details. */
   2:./../../firmware/RISCV/stubs/stub.h **** #ifndef _NUCLEI_SYS_STUB_H
   3:./../../firmware/RISCV/stubs/stub.h **** #define _NUCLEI_SYS_STUB_H
   4:./../../firmware/RISCV/stubs/stub.h **** 
   5:./../../firmware/RISCV/stubs/stub.h **** #include <stdint.h>
   6:./../../firmware/RISCV/stubs/stub.h **** #if   defined (__GNUC__)
   7:./../../firmware/RISCV/stubs/stub.h **** #include <unistd.h>
   8:./../../firmware/RISCV/stubs/stub.h **** #endif
   9:./../../firmware/RISCV/stubs/stub.h **** 
  10:./../../firmware/RISCV/stubs/stub.h **** void write_hex(int fd, unsigned long int hex);
  11:./../../firmware/RISCV/stubs/stub.h **** 
  12:./../../firmware/RISCV/stubs/stub.h **** static inline int _stub(int err)
  13:./../../firmware/RISCV/stubs/stub.h **** {
  14:./../../firmware/RISCV/stubs/stub.h ****   return -1;
  21              		.loc 2 14 3
  13:./../../firmware/RISCV/stubs/read.c **** }
  22              		.loc 1 13 1 is_stmt 0
  23 0000 7D55     		li	a0,-1
  24              	.LVL1:
  25 0002 8280     		ret
  26              		.cfi_endproc
  27              	.LFE1:
  29              		.text
  30              	.Letext0:
  31              		.file 3 "c:\\mikrodata\\toolchain-gd32v-v202-win\\toolchain-gd32v-v202-win\\compiler\\lib\\gcc\\ri
  32              		.file 4 "c:\\mikrodata\\toolchain-gd32v-v202-win\\toolchain-gd32v-v202-win\\compiler\\riscv64-unkn
GAS LISTING C:\Users\AMIN\AppData\Local\Temp\ccjR7iX0.s 			page 2


  33              		.file 5 "c:\\mikrodata\\toolchain-gd32v-v202-win\\toolchain-gd32v-v202-win\\compiler\\riscv64-unkn
  34              		.file 6 "c:\\mikrodata\\toolchain-gd32v-v202-win\\toolchain-gd32v-v202-win\\compiler\\riscv64-unkn
  35              		.file 7 "c:\\mikrodata\\toolchain-gd32v-v202-win\\toolchain-gd32v-v202-win\\compiler\\riscv64-unkn
  36              		.file 8 "c:\\mikrodata\\toolchain-gd32v-v202-win\\toolchain-gd32v-v202-win\\compiler\\riscv64-unkn
  37              		.file 9 "c:\\mikrodata\\toolchain-gd32v-v202-win\\toolchain-gd32v-v202-win\\compiler\\riscv64-unkn
GAS LISTING C:\Users\AMIN\AppData\Local\Temp\ccjR7iX0.s 			page 3


DEFINED SYMBOLS
                            *ABS*:0000000000000000 read.c
C:\Users\AMIN\AppData\Local\Temp\ccjR7iX0.s:13     .text._read:0000000000000000 _read
C:\Users\AMIN\AppData\Local\Temp\ccjR7iX0.s:17     .text._read:0000000000000000 .L0 
C:\Users\AMIN\AppData\Local\Temp\ccjR7iX0.s:19     .text._read:0000000000000000 .L0 
C:\Users\AMIN\AppData\Local\Temp\ccjR7iX0.s:21     .text._read:0000000000000000 .L0 
C:\Users\AMIN\AppData\Local\Temp\ccjR7iX0.s:22     .text._read:0000000000000000 .L0 
C:\Users\AMIN\AppData\Local\Temp\ccjR7iX0.s:23     .text._read:0000000000000000 .L0 
C:\Users\AMIN\AppData\Local\Temp\ccjR7iX0.s:26     .text._read:0000000000000004 .L0 
C:\Users\AMIN\AppData\Local\Temp\ccjR7iX0.s:29     .text._read:0000000000000004 .L0 
                     .debug_frame:0000000000000000 .L0 
C:\Users\AMIN\AppData\Local\Temp\ccjR7iX0.s:1569   .debug_abbrev:0000000000000000 .Ldebug_abbrev0
C:\Users\AMIN\AppData\Local\Temp\ccjR7iX0.s:2338   .debug_str:0000000000000483 .LASF130
C:\Users\AMIN\AppData\Local\Temp\ccjR7iX0.s:2144   .debug_str:00000000000000f0 .LASF131
C:\Users\AMIN\AppData\Local\Temp\ccjR7iX0.s:2120   .debug_str:0000000000000019 .LASF132
C:\Users\AMIN\AppData\Local\Temp\ccjR7iX0.s:2106   .debug_ranges:0000000000000000 .Ldebug_ranges0
C:\Users\AMIN\AppData\Local\Temp\ccjR7iX0.s:2112   .debug_line:0000000000000000 .Ldebug_line0
C:\Users\AMIN\AppData\Local\Temp\ccjR7iX0.s:2152   .debug_str:0000000000000139 .LASF0
C:\Users\AMIN\AppData\Local\Temp\ccjR7iX0.s:2270   .debug_str:0000000000000358 .LASF1
C:\Users\AMIN\AppData\Local\Temp\ccjR7iX0.s:2276   .debug_str:0000000000000374 .LASF2
C:\Users\AMIN\AppData\Local\Temp\ccjR7iX0.s:2222   .debug_str:0000000000000275 .LASF3
C:\Users\AMIN\AppData\Local\Temp\ccjR7iX0.s:2168   .debug_str:000000000000017e .LASF4
C:\Users\AMIN\AppData\Local\Temp\ccjR7iX0.s:2216   .debug_str:0000000000000256 .LASF5
C:\Users\AMIN\AppData\Local\Temp\ccjR7iX0.s:2150   .debug_str:000000000000012b .LASF6
C:\Users\AMIN\AppData\Local\Temp\ccjR7iX0.s:2134   .debug_str:00000000000000b0 .LASF7
C:\Users\AMIN\AppData\Local\Temp\ccjR7iX0.s:2208   .debug_str:0000000000000232 .LASF8
C:\Users\AMIN\AppData\Local\Temp\ccjR7iX0.s:2118   .debug_str:0000000000000012 .LASF10
C:\Users\AMIN\AppData\Local\Temp\ccjR7iX0.s:2252   .debug_str:00000000000002ff .LASF9
C:\Users\AMIN\AppData\Local\Temp\ccjR7iX0.s:2236   .debug_str:00000000000002c0 .LASF11
C:\Users\AMIN\AppData\Local\Temp\ccjR7iX0.s:2264   .debug_str:0000000000000335 .LASF12
C:\Users\AMIN\AppData\Local\Temp\ccjR7iX0.s:2322   .debug_str:0000000000000446 .LASF13
C:\Users\AMIN\AppData\Local\Temp\ccjR7iX0.s:2358   .debug_str:0000000000000563 .LASF14
C:\Users\AMIN\AppData\Local\Temp\ccjR7iX0.s:2232   .debug_str:00000000000002b2 .LASF15
C:\Users\AMIN\AppData\Local\Temp\ccjR7iX0.s:2210   .debug_str:000000000000023f .LASF16
C:\Users\AMIN\AppData\Local\Temp\ccjR7iX0.s:2314   .debug_str:0000000000000424 .LASF17
C:\Users\AMIN\AppData\Local\Temp\ccjR7iX0.s:2316   .debug_str:000000000000042c .LASF18
C:\Users\AMIN\AppData\Local\Temp\ccjR7iX0.s:2286   .debug_str:000000000000039c .LASF19
C:\Users\AMIN\AppData\Local\Temp\ccjR7iX0.s:2344   .debug_str:0000000000000519 .LASF20
C:\Users\AMIN\AppData\Local\Temp\ccjR7iX0.s:2268   .debug_str:0000000000000346 .LASF21
C:\Users\AMIN\AppData\Local\Temp\ccjR7iX0.s:2194   .debug_str:00000000000001f5 .LASF22
C:\Users\AMIN\AppData\Local\Temp\ccjR7iX0.s:2198   .debug_str:0000000000000206 .LASF27
C:\Users\AMIN\AppData\Local\Temp\ccjR7iX0.s:2334   .debug_str:0000000000000470 .LASF23
C:\Users\AMIN\AppData\Local\Temp\ccjR7iX0.s:2308   .debug_str:000000000000040f .LASF24
C:\Users\AMIN\AppData\Local\Temp\ccjR7iX0.s:2192   .debug_str:00000000000001ef .LASF25
C:\Users\AMIN\AppData\Local\Temp\ccjR7iX0.s:2352   .debug_str:000000000000054e .LASF26
C:\Users\AMIN\AppData\Local\Temp\ccjR7iX0.s:2206   .debug_str:000000000000022d .LASF28
C:\Users\AMIN\AppData\Local\Temp\ccjR7iX0.s:2148   .debug_str:0000000000000122 .LASF29
C:\Users\AMIN\AppData\Local\Temp\ccjR7iX0.s:2328   .debug_str:000000000000045a .LASF30
C:\Users\AMIN\AppData\Local\Temp\ccjR7iX0.s:2158   .debug_str:0000000000000151 .LASF31
C:\Users\AMIN\AppData\Local\Temp\ccjR7iX0.s:2382   .debug_str:00000000000005ce .LASF32
C:\Users\AMIN\AppData\Local\Temp\ccjR7iX0.s:2258   .debug_str:0000000000000319 .LASF33
C:\Users\AMIN\AppData\Local\Temp\ccjR7iX0.s:2246   .debug_str:00000000000002e5 .LASF34
C:\Users\AMIN\AppData\Local\Temp\ccjR7iX0.s:2354   .debug_str:0000000000000553 .LASF35
C:\Users\AMIN\AppData\Local\Temp\ccjR7iX0.s:2278   .debug_str:000000000000037e .LASF36
C:\Users\AMIN\AppData\Local\Temp\ccjR7iX0.s:2368   .debug_str:000000000000058e .LASF37
C:\Users\AMIN\AppData\Local\Temp\ccjR7iX0.s:2162   .debug_str:0000000000000160 .LASF38
C:\Users\AMIN\AppData\Local\Temp\ccjR7iX0.s:2188   .debug_str:00000000000001e2 .LASF39
GAS LISTING C:\Users\AMIN\AppData\Local\Temp\ccjR7iX0.s 			page 4


C:\Users\AMIN\AppData\Local\Temp\ccjR7iX0.s:2114   .debug_str:0000000000000000 .LASF40
C:\Users\AMIN\AppData\Local\Temp\ccjR7iX0.s:2340   .debug_str:000000000000050b .LASF41
C:\Users\AMIN\AppData\Local\Temp\ccjR7iX0.s:2172   .debug_str:000000000000018e .LASF42
C:\Users\AMIN\AppData\Local\Temp\ccjR7iX0.s:2260   .debug_str:0000000000000322 .LASF43
C:\Users\AMIN\AppData\Local\Temp\ccjR7iX0.s:2300   .debug_str:00000000000003df .LASF44
C:\Users\AMIN\AppData\Local\Temp\ccjR7iX0.s:2190   .debug_str:00000000000001ea .LASF45
C:\Users\AMIN\AppData\Local\Temp\ccjR7iX0.s:2280   .debug_str:0000000000000388 .LASF46
C:\Users\AMIN\AppData\Local\Temp\ccjR7iX0.s:2156   .debug_str:000000000000014b .LASF47
C:\Users\AMIN\AppData\Local\Temp\ccjR7iX0.s:2116   .debug_str:000000000000000c .LASF48
C:\Users\AMIN\AppData\Local\Temp\ccjR7iX0.s:2288   .debug_str:00000000000003a7 .LASF49
C:\Users\AMIN\AppData\Local\Temp\ccjR7iX0.s:2170   .debug_str:0000000000000187 .LASF50
C:\Users\AMIN\AppData\Local\Temp\ccjR7iX0.s:2218   .debug_str:0000000000000268 .LASF51
C:\Users\AMIN\AppData\Local\Temp\ccjR7iX0.s:2136   .debug_str:00000000000000c7 .LASF52
C:\Users\AMIN\AppData\Local\Temp\ccjR7iX0.s:2164   .debug_str:000000000000016e .LASF53
C:\Users\AMIN\AppData\Local\Temp\ccjR7iX0.s:2202   .debug_str:000000000000021d .LASF54
C:\Users\AMIN\AppData\Local\Temp\ccjR7iX0.s:2244   .debug_str:00000000000002de .LASF55
C:\Users\AMIN\AppData\Local\Temp\ccjR7iX0.s:2318   .debug_str:0000000000000434 .LASF56
C:\Users\AMIN\AppData\Local\Temp\ccjR7iX0.s:2372   .debug_str:00000000000005a8 .LASF57
C:\Users\AMIN\AppData\Local\Temp\ccjR7iX0.s:2154   .debug_str:0000000000000145 .LASF58
C:\Users\AMIN\AppData\Local\Temp\ccjR7iX0.s:2364   .debug_str:0000000000000580 .LASF59
C:\Users\AMIN\AppData\Local\Temp\ccjR7iX0.s:2176   .debug_str:000000000000019d .LASF60
C:\Users\AMIN\AppData\Local\Temp\ccjR7iX0.s:2182   .debug_str:00000000000001bb .LASF61
C:\Users\AMIN\AppData\Local\Temp\ccjR7iX0.s:2128   .debug_str:000000000000008a .LASF62
C:\Users\AMIN\AppData\Local\Temp\ccjR7iX0.s:2238   .debug_str:00000000000002c7 .LASF63
C:\Users\AMIN\AppData\Local\Temp\ccjR7iX0.s:2292   .debug_str:00000000000003b9 .LASF64
C:\Users\AMIN\AppData\Local\Temp\ccjR7iX0.s:2240   .debug_str:00000000000002cd .LASF65
C:\Users\AMIN\AppData\Local\Temp\ccjR7iX0.s:2310   .debug_str:0000000000000417 .LASF66
C:\Users\AMIN\AppData\Local\Temp\ccjR7iX0.s:2324   .debug_str:000000000000044e .LASF67
C:\Users\AMIN\AppData\Local\Temp\ccjR7iX0.s:2174   .debug_str:0000000000000196 .LASF68
C:\Users\AMIN\AppData\Local\Temp\ccjR7iX0.s:2212   .debug_str:0000000000000246 .LASF69
C:\Users\AMIN\AppData\Local\Temp\ccjR7iX0.s:2196   .debug_str:00000000000001fe .LASF70
C:\Users\AMIN\AppData\Local\Temp\ccjR7iX0.s:2298   .debug_str:00000000000003da .LASF71
C:\Users\AMIN\AppData\Local\Temp\ccjR7iX0.s:2124   .debug_str:0000000000000077 .LASF72
C:\Users\AMIN\AppData\Local\Temp\ccjR7iX0.s:2306   .debug_str:00000000000003f6 .LASF73
C:\Users\AMIN\AppData\Local\Temp\ccjR7iX0.s:2302   .debug_str:00000000000003e4 .LASF74
C:\Users\AMIN\AppData\Local\Temp\ccjR7iX0.s:2262   .debug_str:000000000000032a .LASF75
C:\Users\AMIN\AppData\Local\Temp\ccjR7iX0.s:2304   .debug_str:00000000000003ec .LASF76
C:\Users\AMIN\AppData\Local\Temp\ccjR7iX0.s:2230   .debug_str:00000000000002aa .LASF77
C:\Users\AMIN\AppData\Local\Temp\ccjR7iX0.s:2204   .debug_str:0000000000000223 .LASF78
C:\Users\AMIN\AppData\Local\Temp\ccjR7iX0.s:2380   .debug_str:00000000000005c9 .LASF79
C:\Users\AMIN\AppData\Local\Temp\ccjR7iX0.s:2266   .debug_str:000000000000033c .LASF80
C:\Users\AMIN\AppData\Local\Temp\ccjR7iX0.s:2214   .debug_str:000000000000024e .LASF81
C:\Users\AMIN\AppData\Local\Temp\ccjR7iX0.s:2180   .debug_str:00000000000001b3 .LASF82
C:\Users\AMIN\AppData\Local\Temp\ccjR7iX0.s:2272   .debug_str:0000000000000366 .LASF83
C:\Users\AMIN\AppData\Local\Temp\ccjR7iX0.s:2224   .debug_str:0000000000000288 .LASF84
C:\Users\AMIN\AppData\Local\Temp\ccjR7iX0.s:2362   .debug_str:0000000000000576 .LASF85
C:\Users\AMIN\AppData\Local\Temp\ccjR7iX0.s:2166   .debug_str:0000000000000176 .LASF86
C:\Users\AMIN\AppData\Local\Temp\ccjR7iX0.s:2160   .debug_str:000000000000015b .LASF87
C:\Users\AMIN\AppData\Local\Temp\ccjR7iX0.s:2326   .debug_str:0000000000000455 .LASF88
C:\Users\AMIN\AppData\Local\Temp\ccjR7iX0.s:2284   .debug_str:0000000000000395 .LASF89
C:\Users\AMIN\AppData\Local\Temp\ccjR7iX0.s:2356   .debug_str:000000000000055d .LASF90
C:\Users\AMIN\AppData\Local\Temp\ccjR7iX0.s:2220   .debug_str:000000000000026e .LASF91
C:\Users\AMIN\AppData\Local\Temp\ccjR7iX0.s:2282   .debug_str:000000000000038f .LASF92
C:\Users\AMIN\AppData\Local\Temp\ccjR7iX0.s:2122   .debug_str:000000000000006f .LASF93
C:\Users\AMIN\AppData\Local\Temp\ccjR7iX0.s:2312   .debug_str:000000000000041e .LASF94
C:\Users\AMIN\AppData\Local\Temp\ccjR7iX0.s:2332   .debug_str:000000000000046a .LASF95
C:\Users\AMIN\AppData\Local\Temp\ccjR7iX0.s:2342   .debug_str:0000000000000514 .LASF96
GAS LISTING C:\Users\AMIN\AppData\Local\Temp\ccjR7iX0.s 			page 5


C:\Users\AMIN\AppData\Local\Temp\ccjR7iX0.s:2350   .debug_str:0000000000000541 .LASF97
C:\Users\AMIN\AppData\Local\Temp\ccjR7iX0.s:2336   .debug_str:0000000000000476 .LASF98
C:\Users\AMIN\AppData\Local\Temp\ccjR7iX0.s:2228   .debug_str:000000000000029d .LASF99
C:\Users\AMIN\AppData\Local\Temp\ccjR7iX0.s:2370   .debug_str:0000000000000599 .LASF100
C:\Users\AMIN\AppData\Local\Temp\ccjR7iX0.s:2200   .debug_str:000000000000020e .LASF101
C:\Users\AMIN\AppData\Local\Temp\ccjR7iX0.s:2294   .debug_str:00000000000003c2 .LASF102
C:\Users\AMIN\AppData\Local\Temp\ccjR7iX0.s:2374   .debug_str:00000000000005af .LASF103
C:\Users\AMIN\AppData\Local\Temp\ccjR7iX0.s:2296   .debug_str:00000000000003cd .LASF104
C:\Users\AMIN\AppData\Local\Temp\ccjR7iX0.s:2378   .debug_str:00000000000005bb .LASF105
C:\Users\AMIN\AppData\Local\Temp\ccjR7iX0.s:2146   .debug_str:0000000000000114 .LASF106
C:\Users\AMIN\AppData\Local\Temp\ccjR7iX0.s:2360   .debug_str:000000000000056c .LASF107
C:\Users\AMIN\AppData\Local\Temp\ccjR7iX0.s:2226   .debug_str:0000000000000291 .LASF108
C:\Users\AMIN\AppData\Local\Temp\ccjR7iX0.s:2346   .debug_str:0000000000000521 .LASF109
C:\Users\AMIN\AppData\Local\Temp\ccjR7iX0.s:2186   .debug_str:00000000000001d4 .LASF110
C:\Users\AMIN\AppData\Local\Temp\ccjR7iX0.s:2142   .debug_str:00000000000000e1 .LASF111
C:\Users\AMIN\AppData\Local\Temp\ccjR7iX0.s:2184   .debug_str:00000000000001c3 .LASF112
C:\Users\AMIN\AppData\Local\Temp\ccjR7iX0.s:2130   .debug_str:0000000000000090 .LASF113
C:\Users\AMIN\AppData\Local\Temp\ccjR7iX0.s:2132   .debug_str:000000000000009f .LASF114
C:\Users\AMIN\AppData\Local\Temp\ccjR7iX0.s:2274   .debug_str:000000000000036b .LASF115
C:\Users\AMIN\AppData\Local\Temp\ccjR7iX0.s:2256   .debug_str:0000000000000312 .LASF116
C:\Users\AMIN\AppData\Local\Temp\ccjR7iX0.s:2248   .debug_str:00000000000002ef .LASF117
C:\Users\AMIN\AppData\Local\Temp\ccjR7iX0.s:2366   .debug_str:0000000000000586 .LASF118
C:\Users\AMIN\AppData\Local\Temp\ccjR7iX0.s:2138   .debug_str:00000000000000d0 .LASF133
C:\Users\AMIN\AppData\Local\Temp\ccjR7iX0.s:2320   .debug_str:000000000000043a .LASF119
C:\Users\AMIN\AppData\Local\Temp\ccjR7iX0.s:2348   .debug_str:000000000000052e .LASF120
C:\Users\AMIN\AppData\Local\Temp\ccjR7iX0.s:2178   .debug_str:00000000000001a6 .LASF121
C:\Users\AMIN\AppData\Local\Temp\ccjR7iX0.s:2290   .debug_str:00000000000003af .LASF122
C:\Users\AMIN\AppData\Local\Temp\ccjR7iX0.s:2126   .debug_str:0000000000000082 .LASF123
C:\Users\AMIN\AppData\Local\Temp\ccjR7iX0.s:2234   .debug_str:00000000000002b8 .LASF124
C:\Users\AMIN\AppData\Local\Temp\ccjR7iX0.s:2250   .debug_str:00000000000002f8 .LASF125
C:\Users\AMIN\AppData\Local\Temp\ccjR7iX0.s:2254   .debug_str:000000000000030b .LASF126
C:\Users\AMIN\AppData\Local\Temp\ccjR7iX0.s:2330   .debug_str:0000000000000463 .LASF127
C:\Users\AMIN\AppData\Local\Temp\ccjR7iX0.s:2376   .debug_str:00000000000005b4 .LASF128
C:\Users\AMIN\AppData\Local\Temp\ccjR7iX0.s:2242   .debug_str:00000000000002d5 .LASF129
C:\Users\AMIN\AppData\Local\Temp\ccjR7iX0.s:14     .text._read:0000000000000000 .LFB1
C:\Users\AMIN\AppData\Local\Temp\ccjR7iX0.s:27     .text._read:0000000000000004 .LFE1
C:\Users\AMIN\AppData\Local\Temp\ccjR7iX0.s:2079   .debug_loc:0000000000000000 .LLST0
C:\Users\AMIN\AppData\Local\Temp\ccjR7iX0.s:2140   .debug_str:00000000000000db .LASF134
C:\Users\AMIN\AppData\Local\Temp\ccjR7iX0.s:18     .text._read:0000000000000000 .LVL0
C:\Users\AMIN\AppData\Local\Temp\ccjR7iX0.s:24     .text._read:0000000000000002 .LVL1
C:\Users\AMIN\AppData\Local\Temp\ccjR7iX0.s:39     .debug_info:0000000000000000 .Ldebug_info0

NO UNDEFINED SYMBOLS
